Archive member included to satisfy reference by file (symbol)

c:/st/stm32cubeide_1.6.1/stm32cubeide/plugins/com.st.stm32cube.ide.mcu.externaltools.gnu-tools-for-stm32.9-2020-q2-update.win32_1.5.0.202011040924/tools/bin/../lib/gcc/arm-none-eabi/9.3.1/../../../../arm-none-eabi/lib/thumb/v7-m/nofp\libc_nano.a(lib_a-errno.o)
                              Core/Src/syscalls.o (__errno)
c:/st/stm32cubeide_1.6.1/stm32cubeide/plugins/com.st.stm32cube.ide.mcu.externaltools.gnu-tools-for-stm32.9-2020-q2-update.win32_1.5.0.202011040924/tools/bin/../lib/gcc/arm-none-eabi/9.3.1/../../../../arm-none-eabi/lib/thumb/v7-m/nofp\libc_nano.a(lib_a-exit.o)
                              c:/st/stm32cubeide_1.6.1/stm32cubeide/plugins/com.st.stm32cube.ide.mcu.externaltools.gnu-tools-for-stm32.9-2020-q2-update.win32_1.5.0.202011040924/tools/bin/../lib/gcc/arm-none-eabi/9.3.1/../../../../arm-none-eabi/lib/thumb/v7-m/nofp/crt0.o (exit)
c:/st/stm32cubeide_1.6.1/stm32cubeide/plugins/com.st.stm32cube.ide.mcu.externaltools.gnu-tools-for-stm32.9-2020-q2-update.win32_1.5.0.202011040924/tools/bin/../lib/gcc/arm-none-eabi/9.3.1/../../../../arm-none-eabi/lib/thumb/v7-m/nofp\libc_nano.a(lib_a-impure.o)
                              c:/st/stm32cubeide_1.6.1/stm32cubeide/plugins/com.st.stm32cube.ide.mcu.externaltools.gnu-tools-for-stm32.9-2020-q2-update.win32_1.5.0.202011040924/tools/bin/../lib/gcc/arm-none-eabi/9.3.1/../../../../arm-none-eabi/lib/thumb/v7-m/nofp\libc_nano.a(lib_a-exit.o) (_global_impure_ptr)
c:/st/stm32cubeide_1.6.1/stm32cubeide/plugins/com.st.stm32cube.ide.mcu.externaltools.gnu-tools-for-stm32.9-2020-q2-update.win32_1.5.0.202011040924/tools/bin/../lib/gcc/arm-none-eabi/9.3.1/../../../../arm-none-eabi/lib/thumb/v7-m/nofp\libc_nano.a(lib_a-init.o)
                              c:/st/stm32cubeide_1.6.1/stm32cubeide/plugins/com.st.stm32cube.ide.mcu.externaltools.gnu-tools-for-stm32.9-2020-q2-update.win32_1.5.0.202011040924/tools/bin/../lib/gcc/arm-none-eabi/9.3.1/../../../../arm-none-eabi/lib/thumb/v7-m/nofp/crt0.o (__libc_init_array)
c:/st/stm32cubeide_1.6.1/stm32cubeide/plugins/com.st.stm32cube.ide.mcu.externaltools.gnu-tools-for-stm32.9-2020-q2-update.win32_1.5.0.202011040924/tools/bin/../lib/gcc/arm-none-eabi/9.3.1/../../../../arm-none-eabi/lib/thumb/v7-m/nofp\libc_nano.a(lib_a-malloc.o)
                              Core/Src/com.o (malloc)
c:/st/stm32cubeide_1.6.1/stm32cubeide/plugins/com.st.stm32cube.ide.mcu.externaltools.gnu-tools-for-stm32.9-2020-q2-update.win32_1.5.0.202011040924/tools/bin/../lib/gcc/arm-none-eabi/9.3.1/../../../../arm-none-eabi/lib/thumb/v7-m/nofp\libc_nano.a(lib_a-memcpy-stub.o)
                              Core/Src/com.o (memcpy)
c:/st/stm32cubeide_1.6.1/stm32cubeide/plugins/com.st.stm32cube.ide.mcu.externaltools.gnu-tools-for-stm32.9-2020-q2-update.win32_1.5.0.202011040924/tools/bin/../lib/gcc/arm-none-eabi/9.3.1/../../../../arm-none-eabi/lib/thumb/v7-m/nofp\libc_nano.a(lib_a-memset.o)
                              c:/st/stm32cubeide_1.6.1/stm32cubeide/plugins/com.st.stm32cube.ide.mcu.externaltools.gnu-tools-for-stm32.9-2020-q2-update.win32_1.5.0.202011040924/tools/bin/../lib/gcc/arm-none-eabi/9.3.1/../../../../arm-none-eabi/lib/thumb/v7-m/nofp/crt0.o (memset)
c:/st/stm32cubeide_1.6.1/stm32cubeide/plugins/com.st.stm32cube.ide.mcu.externaltools.gnu-tools-for-stm32.9-2020-q2-update.win32_1.5.0.202011040924/tools/bin/../lib/gcc/arm-none-eabi/9.3.1/../../../../arm-none-eabi/lib/thumb/v7-m/nofp\libc_nano.a(lib_a-nano-freer.o)
                              c:/st/stm32cubeide_1.6.1/stm32cubeide/plugins/com.st.stm32cube.ide.mcu.externaltools.gnu-tools-for-stm32.9-2020-q2-update.win32_1.5.0.202011040924/tools/bin/../lib/gcc/arm-none-eabi/9.3.1/../../../../arm-none-eabi/lib/thumb/v7-m/nofp\libc_nano.a(lib_a-malloc.o) (_free_r)
c:/st/stm32cubeide_1.6.1/stm32cubeide/plugins/com.st.stm32cube.ide.mcu.externaltools.gnu-tools-for-stm32.9-2020-q2-update.win32_1.5.0.202011040924/tools/bin/../lib/gcc/arm-none-eabi/9.3.1/../../../../arm-none-eabi/lib/thumb/v7-m/nofp\libc_nano.a(lib_a-nano-mallocr.o)
                              c:/st/stm32cubeide_1.6.1/stm32cubeide/plugins/com.st.stm32cube.ide.mcu.externaltools.gnu-tools-for-stm32.9-2020-q2-update.win32_1.5.0.202011040924/tools/bin/../lib/gcc/arm-none-eabi/9.3.1/../../../../arm-none-eabi/lib/thumb/v7-m/nofp\libc_nano.a(lib_a-malloc.o) (_malloc_r)
c:/st/stm32cubeide_1.6.1/stm32cubeide/plugins/com.st.stm32cube.ide.mcu.externaltools.gnu-tools-for-stm32.9-2020-q2-update.win32_1.5.0.202011040924/tools/bin/../lib/gcc/arm-none-eabi/9.3.1/../../../../arm-none-eabi/lib/thumb/v7-m/nofp\libc_nano.a(lib_a-printf.o)
                              Core/Src/instrument.o (printf)
c:/st/stm32cubeide_1.6.1/stm32cubeide/plugins/com.st.stm32cube.ide.mcu.externaltools.gnu-tools-for-stm32.9-2020-q2-update.win32_1.5.0.202011040924/tools/bin/../lib/gcc/arm-none-eabi/9.3.1/../../../../arm-none-eabi/lib/thumb/v7-m/nofp\libc_nano.a(lib_a-sbrkr.o)
[...]
Memory Configuration

Name             Origin             Length             Attributes
RAM              0x0000000020000000 0x0000000000005000 xrw
FLASH            0x0000000008000000 0x0000000000010000 xr
*default*        0x0000000000000000 0xffffffffffffffff

Linker script and memory map

LOAD c:/st/stm32cubeide_1.6.1/stm32cubeide/plugins/com.st.stm32cube.ide.mcu.externaltools.gnu-tools-for-stm32.9-2020-q2-update.win32_1.5.0.202011040924/tools/bin/../lib/gcc/arm-none-eabi/9.3.1/thumb/v7-m/nofp/crti.o
LOAD c:/st/stm32cubeide_1.6.1/stm32cubeide/plugins/com.st.stm32cube.ide.mcu.externaltools.gnu-tools-for-stm32.9-2020-q2-update.win32_1.5.0.202011040924/tools/bin/../lib/gcc/arm-none-eabi/9.3.1/thumb/v7-m/nofp/crtbegin.o
LOAD c:/st/stm32cubeide_1.6.1/stm32cubeide/plugins/com.st.stm32cube.ide.mcu.externaltools.gnu-tools-for-stm32.9-2020-q2-update.win32_1.5.0.202011040924/tools/bin/../lib/gcc/arm-none-eabi/9.3.1/../../../../arm-none-eabi/lib/thumb/v7-m/nofp/crt0.o
LOAD Core/Src/com.o
LOAD Core/Src/instrument.o
LOAD Core/Src/main.o
LOAD Core/Src/motor.o
LOAD Core/Src/stm32f1xx_hal_msp.o
LOAD Core/Src/stm32f1xx_it.o
LOAD Core/Src/syscalls.o
LOAD Core/Src/sysmem.o
LOAD Core/Src/system_stm32f1xx.o
LOAD Core/Startup/startup_stm32f103c8tx.o
LOAD Drivers/STM32F1xx_HAL_Driver/Src/stm32f1xx_hal.o
LOAD Drivers/STM32F1xx_HAL_Driver/Src/stm32f1xx_hal_cortex.o
LOAD Drivers/STM32F1xx_HAL_Driver/Src/stm32f1xx_hal_dma.o
LOAD Drivers/STM32F1xx_HAL_Driver/Src/stm32f1xx_hal_exti.o
LOAD Drivers/STM32F1xx_HAL_Driver/Src/stm32f1xx_hal_flash.o
LOAD Drivers/STM32F1xx_HAL_Driver/Src/stm32f1xx_hal_flash_ex.o
LOAD Drivers/STM32F1xx_HAL_Driver/Src/stm32f1xx_hal_gpio.o
LOAD Drivers/STM32F1xx_HAL_Driver/Src/stm32f1xx_hal_gpio_ex.o
LOAD Drivers/STM32F1xx_HAL_Driver/Src/stm32f1xx_hal_pcd.o
LOAD Drivers/STM32F1xx_HAL_Driver/Src/stm32f1xx_hal_pcd_ex.o
LOAD Drivers/STM32F1xx_HAL_Driver/Src/stm32f1xx_hal_pwr.o
LOAD Drivers/STM32F1xx_HAL_Driver/Src/stm32f1xx_hal_rcc.o
LOAD Drivers/STM32F1xx_HAL_Driver/Src/stm32f1xx_hal_rcc_ex.o
LOAD Drivers/STM32F1xx_HAL_Driver/Src/stm32f1xx_hal_tim.o
LOAD Drivers/STM32F1xx_HAL_Driver/Src/stm32f1xx_hal_tim_ex.o
LOAD Drivers/STM32F1xx_HAL_Driver/Src/stm32f1xx_ll_usb.o
LOAD Middlewares/ST/STM32_USB_Device_Library/Class/CDC/Src/usbd_cdc.o
LOAD Middlewares/ST/STM32_USB_Device_Library/Core/Src/usbd_core.o
LOAD Middlewares/ST/STM32_USB_Device_Library/Core/Src/usbd_ctlreq.o
LOAD Middlewares/ST/STM32_USB_Device_Library/Core/Src/usbd_ioreq.o
LOAD USB_DEVICE/App/usb_device.o
LOAD USB_DEVICE/App/usbd_cdc_if.o
LOAD USB_DEVICE/App/usbd_desc.o
LOAD USB_DEVICE/Target/usbd_conf.o
START GROUP
LOAD c:/st/stm32cubeide_1.6.1/stm32cubeide/plugins/com.st.stm32cube.ide.mcu.externaltools.gnu-tools-for-stm32.9-2020-q2-update.win32_1.5.0.202011040924/tools/bin/../lib/gcc/arm-none-eabi/9.3.1/../../../../arm-none-eabi/lib/thumb/v7-m/nofp\libc_nano.a
LOAD c:/st/stm32cubeide_1.6.1/stm32cubeide/plugins/com.st.stm32cube.ide.mcu.externaltools.gnu-tools-for-stm32.9-2020-q2-update.win32_1.5.0.202011040924/tools/bin/../lib/gcc/arm-none-eabi/9.3.1/../../../../arm-none-eabi/lib/thumb/v7-m/nofp\libm.a
END GROUP
START GROUP
LOAD c:/st/stm32cubeide_1.6.1/stm32cubeide/plugins/com.st.stm32cube.ide.mcu.externaltools.gnu-tools-for-stm32.9-2020-q2-update.win32_1.5.0.202011040924/tools/bin/../lib/gcc/arm-none-eabi/9.3.1/thumb/v7-m/nofp\libgcc.a
LOAD c:/st/stm32cubeide_1.6.1/stm32cubeide/plugins/com.st.stm32cube.ide.mcu.externaltools.gnu-tools-for-stm32.9-2020-q2-update.win32_1.5.0.202011040924/tools/bin/../lib/gcc/arm-none-eabi/9.3.1/../../../../arm-none-eabi/lib/thumb/v7-m/nofp\libc_nano.a
END GROUP
START GROUP
LOAD c:/st/stm32cubeide_1.6.1/stm32cubeide/plugins/com.st.stm32cube.ide.mcu.externaltools.gnu-tools-for-stm32.9-2020-q2-update.win32_1.5.0.202011040924/tools/bin/../lib/gcc/arm-none-eabi/9.3.1/thumb/v7-m/nofp\libgcc.a
LOAD c:/st/stm32cubeide_1.6.1/stm32cubeide/plugins/com.st.stm32cube.ide.mcu.externaltools.gnu-tools-for-stm32.9-2020-q2-update.win32_1.5.0.202011040924/tools/bin/../lib/gcc/arm-none-eabi/9.3.1/../../../../arm-none-eabi/lib/thumb/v7-m/nofp\libc_nano.a
LOAD c:/st/stm32cubeide_1.6.1/stm32cubeide/plugins/com.st.stm32cube.ide.mcu.externaltools.gnu-tools-for-stm32.9-2020-q2-update.win32_1.5.0.202011040924/tools/bin/../lib/gcc/arm-none-eabi/9.3.1/../../../../arm-none-eabi/lib/thumb/v7-m/nofp\libnosys.a
END GROUP
START GROUP
LOAD c:/st/stm32cubeide_1.6.1/stm32cubeide/plugins/com.st.stm32cube.ide.mcu.externaltools.gnu-tools-for-stm32.9-2020-q2-update.win32_1.5.0.202011040924/tools/bin/../lib/gcc/arm-none-eabi/9.3.1/thumb/v7-m/nofp\libgcc.a
LOAD c:/st/stm32cubeide_1.6.1/stm32cubeide/plugins/com.st.stm32cube.ide.mcu.externaltools.gnu-tools-for-stm32.9-2020-q2-update.win32_1.5.0.202011040924/tools/bin/../lib/gcc/arm-none-eabi/9.3.1/../../../../arm-none-eabi/lib/thumb/v7-m/nofp\libc_nano.a
LOAD c:/st/stm32cubeide_1.6.1/stm32cubeide/plugins/com.st.stm32cube.ide.mcu.externaltools.gnu-tools-for-stm32.9-2020-q2-update.win32_1.5.0.202011040924/tools/bin/../lib/gcc/arm-none-eabi/9.3.1/../../../../arm-none-eabi/lib/thumb/v7-m/nofp\libnosys.a
END GROUP
LOAD c:/st/stm32cubeide_1.6.1/stm32cubeide/plugins/com.st.stm32cube.ide.mcu.externaltools.gnu-tools-for-stm32.9-2020-q2-update.win32_1.5.0.202011040924/tools/bin/../lib/gcc/arm-none-eabi/9.3.1/thumb/v7-m/nofp/crtend.o
LOAD c:/st/stm32cubeide_1.6.1/stm32cubeide/plugins/com.st.stm32cube.ide.mcu.externaltools.gnu-tools-for-stm32.9-2020-q2-update.win32_1.5.0.202011040924/tools/bin/../lib/gcc/arm-none-eabi/9.3.1/thumb/v7-m/nofp/crtn.o
                0x0000000020005000                _estack = (ORIGIN (RAM) + LENGTH (RAM))
                0x0000000000000200                _Min_Heap_Size = 0x200
                0x0000000000000400                _Min_Stack_Size = 0x400

.isr_vector     0x0000000008000000      0x10c
                0x0000000008000000                . = ALIGN (0x4)
 *(.isr_vector)
 .isr_vector    0x0000000008000000      0x10c Core/Startup/startup_stm32f103c8tx.o
                0x0000000008000000                g_pfnVectors
                0x000000000800010c                . = ALIGN (0x4)

.text           0x0000000008000110     0xa598
                0x0000000008000110                . = ALIGN (0x4)
 *(.text)
 .text          0x0000000008000110       0x40 c:/st/stm32cubeide_1.6.1/stm32cubeide/plugins/com.st.stm32cube.ide.mcu.externaltools.gnu-tools-for-stm32.9-2020-q2-update.win32_1.5.0.202011040924/tools/bin/../lib/gcc/arm-none-eabi/9.3.1/thumb/v7-m/nofp/crtbegin.o
 .text          0x0000000008000150       0x14 c:/st/stm32cubeide_1.6.1/stm32cubeide/plugins/com.st.stm32cube.ide.mcu.externaltools.gnu-tools-for-stm32.9-2020-q2-update.win32_1.5.0.202011040924/tools/bin/../lib/gcc/arm-none-eabi/9.3.1/../../../../arm-none-eabi/lib/thumb/v7-m/nofp\libc_nano.a(lib_a-strcmp.o)
                0x0000000008000150                strcmp
 .text          0x0000000008000164       0x10 c:/st/stm32cubeide_1.6.1/stm32cubeide/plugins/com.st.stm32cube.ide.mcu.externaltools.gnu-tools-for-stm32.9-2020-q2-update.win32_1.5.0.202011040924/tools/bin/../lib/gcc/arm-none-eabi/9.3.1/../../../../arm-none-eabi/lib/thumb/v7-m/nofp\libc_nano.a(lib_a-strlen.o)
                0x0000000008000164                strlen
 .text          0x0000000008000174      0x254 c:/st/stm32cubeide_1.6.1/stm32cubeide/plugins/com.st.stm32cube.ide.mcu.externaltools.gnu-tools-for-stm32.9-2020-q2-update.win32_1.5.0.202011040924/tools/bin/../lib/gcc/arm-none-eabi/9.3.1/thumb/v7-m/nofp\libgcc.a(_arm_muldf3.o)
                0x0000000008000174                __muldf3
                0x0000000008000174                __aeabi_dmul
 .text          0x00000000080003c8      0x378 c:/st/stm32cubeide_1.6.1/stm32cubeide/plugins/com.st.stm32cube.ide.mcu.externaltools.gnu-tools-for-stm32.9-2020-q2-update.win32_1.5.0.202011040924/tools/bin/../lib/gcc/arm-none-eabi/9.3.1/thumb/v7-m/nofp\libgcc.a(_arm_addsubdf3.o)
                0x00000000080003c8                __aeabi_drsub
                0x00000000080003d0                __aeabi_dsub
                0x00000000080003d0                __subdf3
                0x00000000080003d4                __aeabi_dadd
                0x00000000080003d4                __adddf3
                0x000000000800064c                __floatunsidf
                0x000000000800064c                __aeabi_ui2d
                0x000000000800066c                __floatsidf
                0x000000000800066c                __aeabi_i2d
                0x0000000008000690                __aeabi_f2d
                0x0000000008000690                __extendsfdf2
                0x00000000080006d4                __floatundidf
                0x00000000080006d4                __aeabi_ul2d
                0x00000000080006e4                __floatdidf
                0x00000000080006e4                __aeabi_l2d
 .text          0x0000000008000740       0x50 c:/st/stm32cubeide_1.6.1/stm32cubeide/plugins/com.st.stm32cube.ide.mcu.externaltools.gnu-tools-for-stm32.9-2020-q2-update.win32_1.5.0.202011040924/tools/bin/../lib/gcc/arm-none-eabi/9.3.1/thumb/v7-m/nofp\libgcc.a(_arm_fixdfsi.o)
                0x0000000008000740                __aeabi_d2iz
                0x0000000008000740                __fixdfsi
 *(.text*)
 .text.protoInit
                0x0000000008000790       0x44 Core/Src/com.o
                0x0000000008000790                protoInit
 .text.protoSetAlt
                0x00000000080007d4       0xbc Core/Src/com.o
                0x00000000080007d4                protoSetAlt
 .text.usb_data_rx
                0x0000000008000890      0x130 Core/Src/com.o
                0x0000000008000890                usb_data_rx
 .text.tx_stack_init
                0x00000000080009c0       0x2c Core/Src/com.o
                0x00000000080009c0                tx_stack_init
 .text.tx_stack_push
                0x00000000080009ec       0x54 Core/Src/com.o
                0x00000000080009ec                tx_stack_push
 .text.tx_stack_process
                0x0000000008000a40       0xa8 Core/Src/com.o
                0x0000000008000a40                tx_stack_process
 .text.inst_set_alt
                0x0000000008000ae8       0xec Core/Src/instrument.o
                0x0000000008000ae8                inst_set_alt
 .text.USB_DEVICE_MasterHardReset
                0x0000000008000bd4       0x44 Core/Src/main.o
                0x0000000008000bd4                USB_DEVICE_MasterHardReset
 .text.main     0x0000000008000c18       0x26 Core/Src/main.o
                0x0000000008000c18                main
 *fill*         0x0000000008000c3e        0x2 
 .text.HAL_TIM_PeriodElapsedCallback
                0x0000000008000c40       0x3c Core/Src/main.o
                0x0000000008000c40                HAL_TIM_PeriodElapsedCallback
 .text.SystemClock_Config
                0x0000000008000c7c       0xb6 Core/Src/main.o
                0x0000000008000c7c                SystemClock_Config
 *fill*         0x0000000008000d32        0x2 
 .text.MX_TIM2_Init
                0x0000000008000d34       0xa0 Core/Src/main.o
 .text.MX_GPIO_Init
                0x0000000008000dd4      0x144 Core/Src/main.o
 .text.Error_Handler
                0x0000000008000f18        0xa Core/Src/main.o
                0x0000000008000f18                Error_Handler
 *fill*         0x0000000008000f22        0x2 
 .text.moveStepper
                0x0000000008000f24       0x7c Core/Src/motor.o
                0x0000000008000f24                moveStepper
 .text.stepperServiceRoutine
                0x0000000008000fa0       0x20 Core/Src/motor.o
                0x0000000008000fa0                stepperServiceRoutine
 .text.doStepISR
                0x0000000008000fc0      0x248 Core/Src/motor.o
                0x0000000008000fc0                doStepISR
 .text.homeISR  0x0000000008001208      0x2e0 Core/Src/motor.o
                0x0000000008001208                homeISR
 .text.homeAll  0x00000000080014e8       0x1c Core/Src/motor.o
                0x00000000080014e8                homeAll
 .text.doStep   0x0000000008001504      0x1e0 Core/Src/motor.o
                0x0000000008001504                doStep
 .text.HAL_MspInit
                0x00000000080016e4       0x44 Core/Src/stm32f1xx_hal_msp.o
                0x00000000080016e4                HAL_MspInit
 .text.HAL_TIM_Base_MspInit
                0x0000000008001728       0x48 Core/Src/stm32f1xx_hal_msp.o
                0x0000000008001728                HAL_TIM_Base_MspInit
 .text.NMI_Handler
                0x0000000008001770        0x6 Core/Src/stm32f1xx_it.o
                0x0000000008001770                NMI_Handler
 .text.HardFault_Handler
                0x0000000008001776        0x6 Core/Src/stm32f1xx_it.o
                0x0000000008001776                HardFault_Handler
 .text.MemManage_Handler
                0x000000000800177c        0x6 Core/Src/stm32f1xx_it.o
                0x000000000800177c                MemManage_Handler
 .text.BusFault_Handler
                0x0000000008001782        0x6 Core/Src/stm32f1xx_it.o
                0x0000000008001782                BusFault_Handler
 .text.UsageFault_Handler
                0x0000000008001788        0x6 Core/Src/stm32f1xx_it.o
                0x0000000008001788                UsageFault_Handler
 .text.SVC_Handler
                0x000000000800178e        0xc Core/Src/stm32f1xx_it.o
                0x000000000800178e                SVC_Handler
 .text.DebugMon_Handler
                0x000000000800179a        0xc Core/Src/stm32f1xx_it.o
                0x000000000800179a                DebugMon_Handler
 .text.PendSV_Handler
                0x00000000080017a6        0xc Core/Src/stm32f1xx_it.o
                0x00000000080017a6                PendSV_Handler
 .text.SysTick_Handler
                0x00000000080017b2        0xc Core/Src/stm32f1xx_it.o
                0x00000000080017b2                SysTick_Handler
 *fill*         0x00000000080017be        0x2 
 .text.USB_LP_CAN1_RX0_IRQHandler
                0x00000000080017c0       0x14 Core/Src/stm32f1xx_it.o
                0x00000000080017c0                USB_LP_CAN1_RX0_IRQHandler
 .text.TIM2_IRQHandler
                0x00000000080017d4       0x14 Core/Src/stm32f1xx_it.o
                0x00000000080017d4                TIM2_IRQHandler
 .text._read    0x00000000080017e8       0x3a Core/Src/syscalls.o
                0x00000000080017e8                _read
 .text._write   0x0000000008001822       0x38 Core/Src/syscalls.o
                0x0000000008001822                _write
 .text._close   0x000000000800185a       0x16 Core/Src/syscalls.o
                0x000000000800185a                _close
 .text._fstat   0x0000000008001870       0x1e Core/Src/syscalls.o
                0x0000000008001870                _fstat
 .text._isatty  0x000000000800188e       0x14 Core/Src/syscalls.o
                0x000000000800188e                _isatty
 .text._lseek   0x00000000080018a2       0x18 Core/Src/syscalls.o
                0x00000000080018a2                _lseek
 *fill*         0x00000000080018ba        0x2 
 .text._sbrk    0x00000000080018bc       0x6c Core/Src/sysmem.o
                0x00000000080018bc                _sbrk
 .text.SystemInit
                0x0000000008001928        0xc Core/Src/system_stm32f1xx.o
                0x0000000008001928                SystemInit
 .text.Reset_Handler
                0x0000000008001934       0x48 Core/Startup/startup_stm32f103c8tx.o
                0x0000000008001934                Reset_Handler
 .text.Default_Handler
                0x000000000800197c        0x2 Core/Startup/startup_stm32f103c8tx.o
                0x000000000800197c                RTC_Alarm_IRQHandler
                0x000000000800197c                EXTI2_IRQHandler
                0x000000000800197c                TIM1_CC_IRQHandler
                0x000000000800197c                PVD_IRQHandler
                0x000000000800197c                EXTI3_IRQHandler
                0x000000000800197c                EXTI0_IRQHandler
                0x000000000800197c                I2C2_EV_IRQHandler
                0x000000000800197c                ADC1_2_IRQHandler
                0x000000000800197c                SPI1_IRQHandler
                0x000000000800197c                TAMPER_IRQHandler
                0x000000000800197c                DMA1_Channel4_IRQHandler
                0x000000000800197c                USART3_IRQHandler
                0x000000000800197c                RTC_IRQHandler
                0x000000000800197c                DMA1_Channel7_IRQHandler
                0x000000000800197c                CAN1_RX1_IRQHandler
                0x000000000800197c                TIM4_IRQHandler
                0x000000000800197c                I2C1_EV_IRQHandler
                0x000000000800197c                DMA1_Channel6_IRQHandler
                0x000000000800197c                TIM3_IRQHandler
                0x000000000800197c                RCC_IRQHandler
                0x000000000800197c                TIM1_TRG_COM_IRQHandler
                0x000000000800197c                DMA1_Channel1_IRQHandler
                0x000000000800197c                Default_Handler
                0x000000000800197c                EXTI15_10_IRQHandler
                0x000000000800197c                EXTI9_5_IRQHandler
                0x000000000800197c                SPI2_IRQHandler
                0x000000000800197c                DMA1_Channel5_IRQHandler
                0x000000000800197c                EXTI4_IRQHandler
                0x000000000800197c                USB_HP_CAN1_TX_IRQHandler
                0x000000000800197c                DMA1_Channel3_IRQHandler
                0x000000000800197c                TIM1_UP_IRQHandler
                0x000000000800197c                WWDG_IRQHandler
                0x000000000800197c                TIM1_BRK_IRQHandler
                0x000000000800197c                EXTI1_IRQHandler
                0x000000000800197c                USART2_IRQHandler
                0x000000000800197c                I2C2_ER_IRQHandler
                0x000000000800197c                DMA1_Channel2_IRQHandler
                0x000000000800197c                CAN1_SCE_IRQHandler
                0x000000000800197c                FLASH_IRQHandler
                0x000000000800197c                USART1_IRQHandler
                0x000000000800197c                I2C1_ER_IRQHandler
                0x000000000800197c                USBWakeUp_IRQHandler
 *fill*         0x000000000800197e        0x2 
 .text.HAL_Init
                0x0000000008001980       0x2c Drivers/STM32F1xx_HAL_Driver/Src/stm32f1xx_hal.o
                0x0000000008001980                HAL_Init
 .text.HAL_InitTick
                0x00000000080019ac       0x60 Drivers/STM32F1xx_HAL_Driver/Src/stm32f1xx_hal.o
                0x00000000080019ac                HAL_InitTick
 .text.HAL_IncTick
                0x0000000008001a0c       0x24 Drivers/STM32F1xx_HAL_Driver/Src/stm32f1xx_hal.o
                0x0000000008001a0c                HAL_IncTick
 .text.HAL_GetTick
                0x0000000008001a30       0x14 Drivers/STM32F1xx_HAL_Driver/Src/stm32f1xx_hal.o
                0x0000000008001a30                HAL_GetTick
 .text.HAL_Delay
                0x0000000008001a44       0x48 Drivers/STM32F1xx_HAL_Driver/Src/stm32f1xx_hal.o
                0x0000000008001a44                HAL_Delay
 .text.__NVIC_SetPriorityGrouping
                0x0000000008001a8c       0x48 Drivers/STM32F1xx_HAL_Driver/Src/stm32f1xx_hal_cortex.o
 .text.__NVIC_GetPriorityGrouping
                0x0000000008001ad4       0x1c Drivers/STM32F1xx_HAL_Driver/Src/stm32f1xx_hal_cortex.o
 .text.__NVIC_EnableIRQ
                0x0000000008001af0       0x38 Drivers/STM32F1xx_HAL_Driver/Src/stm32f1xx_hal_cortex.o
 .text.__NVIC_SetPriority
                0x0000000008001b28       0x54 Drivers/STM32F1xx_HAL_Driver/Src/stm32f1xx_hal_cortex.o
 .text.NVIC_EncodePriority
                0x0000000008001b7c       0x64 Drivers/STM32F1xx_HAL_Driver/Src/stm32f1xx_hal_cortex.o
 .text.SysTick_Config
                0x0000000008001be0       0x44 Drivers/STM32F1xx_HAL_Driver/Src/stm32f1xx_hal_cortex.o
 .text.HAL_NVIC_SetPriorityGrouping
                0x0000000008001c24       0x16 Drivers/STM32F1xx_HAL_Driver/Src/stm32f1xx_hal_cortex.o
                0x0000000008001c24                HAL_NVIC_SetPriorityGrouping
 .text.HAL_NVIC_SetPriority
                0x0000000008001c3a       0x38 Drivers/STM32F1xx_HAL_Driver/Src/stm32f1xx_hal_cortex.o
                0x0000000008001c3a                HAL_NVIC_SetPriority
 .text.HAL_NVIC_EnableIRQ
                0x0000000008001c72       0x1c Drivers/STM32F1xx_HAL_Driver/Src/stm32f1xx_hal_cortex.o
                0x0000000008001c72                HAL_NVIC_EnableIRQ
 .text.HAL_SYSTICK_Config
                0x0000000008001c8e       0x18 Drivers/STM32F1xx_HAL_Driver/Src/stm32f1xx_hal_cortex.o
                0x0000000008001c8e                HAL_SYSTICK_Config
 *fill*         0x0000000008001ca6        0x2 
 .text.HAL_GPIO_Init
                0x0000000008001ca8      0x308 Drivers/STM32F1xx_HAL_Driver/Src/stm32f1xx_hal_gpio.o
                0x0000000008001ca8                HAL_GPIO_Init
 .text.HAL_GPIO_ReadPin
                0x0000000008001fb0       0x2e Drivers/STM32F1xx_HAL_Driver/Src/stm32f1xx_hal_gpio.o
                0x0000000008001fb0                HAL_GPIO_ReadPin
 .text.HAL_GPIO_WritePin
                0x0000000008001fde       0x30 Drivers/STM32F1xx_HAL_Driver/Src/stm32f1xx_hal_gpio.o
                0x0000000008001fde                HAL_GPIO_WritePin
 .text.HAL_PCD_Init
                0x000000000800200e      0x216 Drivers/STM32F1xx_HAL_Driver/Src/stm32f1xx_hal_pcd.o
                0x000000000800200e                HAL_PCD_Init
 .text.HAL_PCD_Start
                0x0000000008002224       0x4c Drivers/STM32F1xx_HAL_Driver/Src/stm32f1xx_hal_pcd.o
                0x0000000008002224                HAL_PCD_Start
 .text.HAL_PCD_IRQHandler
                0x0000000008002270      0x2aa Drivers/STM32F1xx_HAL_Driver/Src/stm32f1xx_hal_pcd.o
                0x0000000008002270                HAL_PCD_IRQHandler
 .text.HAL_PCD_SetAddress
                0x000000000800251a       0x4a Drivers/STM32F1xx_HAL_Driver/Src/stm32f1xx_hal_pcd.o
                0x000000000800251a                HAL_PCD_SetAddress
 .text.HAL_PCD_EP_Open
                0x0000000008002564       0xcc Drivers/STM32F1xx_HAL_Driver/Src/stm32f1xx_hal_pcd.o
                0x0000000008002564                HAL_PCD_EP_Open
 .text.HAL_PCD_EP_Close
                0x0000000008002630       0x90 Drivers/STM32F1xx_HAL_Driver/Src/stm32f1xx_hal_pcd.o
                0x0000000008002630                HAL_PCD_EP_Close
 .text.HAL_PCD_EP_Receive
                0x00000000080026c0       0x7a Drivers/STM32F1xx_HAL_Driver/Src/stm32f1xx_hal_pcd.o
                0x00000000080026c0                HAL_PCD_EP_Receive
 .text.HAL_PCD_EP_GetRxCount
                0x000000000800273a       0x2e Drivers/STM32F1xx_HAL_Driver/Src/stm32f1xx_hal_pcd.o
                0x000000000800273a                HAL_PCD_EP_GetRxCount
 .text.HAL_PCD_EP_Transmit
                0x0000000008002768       0x86 Drivers/STM32F1xx_HAL_Driver/Src/stm32f1xx_hal_pcd.o
                0x0000000008002768                HAL_PCD_EP_Transmit
 .text.HAL_PCD_EP_SetStall
                0x00000000080027ee       0xc0 Drivers/STM32F1xx_HAL_Driver/Src/stm32f1xx_hal_pcd.o
                0x00000000080027ee                HAL_PCD_EP_SetStall
 .text.HAL_PCD_EP_ClrStall
                0x00000000080028ae       0xa8 Drivers/STM32F1xx_HAL_Driver/Src/stm32f1xx_hal_pcd.o
                0x00000000080028ae                HAL_PCD_EP_ClrStall
 .text.PCD_EP_ISR_Handler
                0x0000000008002956      0x5e6 Drivers/STM32F1xx_HAL_Driver/Src/stm32f1xx_hal_pcd.o
 .text.HAL_PCD_EP_DB_Receive
                0x0000000008002f3c      0x21a Drivers/STM32F1xx_HAL_Driver/Src/stm32f1xx_hal_pcd.o
 .text.HAL_PCD_EP_DB_Transmit
                0x0000000008003156      0x556 Drivers/STM32F1xx_HAL_Driver/Src/stm32f1xx_hal_pcd.o
 .text.HAL_PCDEx_PMAConfig
                0x00000000080036ac       0x84 Drivers/STM32F1xx_HAL_Driver/Src/stm32f1xx_hal_pcd_ex.o
                0x00000000080036ac                HAL_PCDEx_PMAConfig
 .text.HAL_RCC_OscConfig
                0x0000000008003730      0x500 Drivers/STM32F1xx_HAL_Driver/Src/stm32f1xx_hal_rcc.o
                0x0000000008003730                HAL_RCC_OscConfig
 .text.HAL_RCC_ClockConfig
                0x0000000008003c30      0x1d4 Drivers/STM32F1xx_HAL_Driver/Src/stm32f1xx_hal_rcc.o
                0x0000000008003c30                HAL_RCC_ClockConfig
 .text.HAL_RCC_GetSysClockFreq
                0x0000000008003e04       0xc0 Drivers/STM32F1xx_HAL_Driver/Src/stm32f1xx_hal_rcc.o
                0x0000000008003e04                HAL_RCC_GetSysClockFreq
 .text.RCC_Delay
                0x0000000008003ec4       0x3c Drivers/STM32F1xx_HAL_Driver/Src/stm32f1xx_hal_rcc.o
 .text.HAL_RCCEx_PeriphCLKConfig
                0x0000000008003f00      0x16c Drivers/STM32F1xx_HAL_Driver/Src/stm32f1xx_hal_rcc_ex.o
                0x0000000008003f00                HAL_RCCEx_PeriphCLKConfig
 .text.HAL_TIM_Base_Init
                0x000000000800406c       0x9e Drivers/STM32F1xx_HAL_Driver/Src/stm32f1xx_hal_tim.o
                0x000000000800406c                HAL_TIM_Base_Init
 *fill*         0x000000000800410a        0x2 
 .text.HAL_TIM_Base_Start_IT
                0x000000000800410c       0xa4 Drivers/STM32F1xx_HAL_Driver/Src/stm32f1xx_hal_tim.o
                0x000000000800410c                HAL_TIM_Base_Start_IT
 .text.HAL_TIM_IRQHandler
                0x00000000080041b0      0x210 Drivers/STM32F1xx_HAL_Driver/Src/stm32f1xx_hal_tim.o
                0x00000000080041b0                HAL_TIM_IRQHandler
 .text.HAL_TIM_ConfigClockSource
                0x00000000080043c0      0x188 Drivers/STM32F1xx_HAL_Driver/Src/stm32f1xx_hal_tim.o
                0x00000000080043c0                HAL_TIM_ConfigClockSource
 .text.HAL_TIM_OC_DelayElapsedCallback
                0x0000000008004548       0x12 Drivers/STM32F1xx_HAL_Driver/Src/stm32f1xx_hal_tim.o
                0x0000000008004548                HAL_TIM_OC_DelayElapsedCallback
 .text.HAL_TIM_IC_CaptureCallback
                0x000000000800455a       0x12 Drivers/STM32F1xx_HAL_Driver/Src/stm32f1xx_hal_tim.o
                0x000000000800455a                HAL_TIM_IC_CaptureCallback
 .text.HAL_TIM_PWM_PulseFinishedCallback
                0x000000000800456c       0x12 Drivers/STM32F1xx_HAL_Driver/Src/stm32f1xx_hal_tim.o
                0x000000000800456c                HAL_TIM_PWM_PulseFinishedCallback
 .text.HAL_TIM_TriggerCallback
                0x000000000800457e       0x12 Drivers/STM32F1xx_HAL_Driver/Src/stm32f1xx_hal_tim.o
                0x000000000800457e                HAL_TIM_TriggerCallback
 .text.TIM_Base_SetConfig
                0x0000000008004590       0xc4 Drivers/STM32F1xx_HAL_Driver/Src/stm32f1xx_hal_tim.o
                0x0000000008004590                TIM_Base_SetConfig
 .text.TIM_TI1_ConfigInputStage
                0x0000000008004654       0x5c Drivers/STM32F1xx_HAL_Driver/Src/stm32f1xx_hal_tim.o
 .text.TIM_TI2_ConfigInputStage
                0x00000000080046b0       0x5e Drivers/STM32F1xx_HAL_Driver/Src/stm32f1xx_hal_tim.o
 .text.TIM_ITRx_SetConfig
                0x000000000800470e       0x34 Drivers/STM32F1xx_HAL_Driver/Src/stm32f1xx_hal_tim.o
 .text.TIM_ETR_SetConfig
                0x0000000008004742       0x3e Drivers/STM32F1xx_HAL_Driver/Src/stm32f1xx_hal_tim.o
                0x0000000008004742                TIM_ETR_SetConfig
 .text.HAL_TIMEx_MasterConfigSynchronization
                0x0000000008004780       0xbc Drivers/STM32F1xx_HAL_Driver/Src/stm32f1xx_hal_tim_ex.o
                0x0000000008004780                HAL_TIMEx_MasterConfigSynchronization
 .text.HAL_TIMEx_CommutCallback
                0x000000000800483c       0x12 Drivers/STM32F1xx_HAL_Driver/Src/stm32f1xx_hal_tim_ex.o
                0x000000000800483c                HAL_TIMEx_CommutCallback
 .text.HAL_TIMEx_BreakCallback
                0x000000000800484e       0x12 Drivers/STM32F1xx_HAL_Driver/Src/stm32f1xx_hal_tim_ex.o
                0x000000000800484e                HAL_TIMEx_BreakCallback
 .text.USB_CoreInit
                0x0000000008004860       0x20 Drivers/STM32F1xx_HAL_Driver/Src/stm32f1xx_ll_usb.o
                0x0000000008004860                USB_CoreInit
 .text.USB_EnableGlobalInt
                0x0000000008004880       0x2c Drivers/STM32F1xx_HAL_Driver/Src/stm32f1xx_ll_usb.o
                0x0000000008004880                USB_EnableGlobalInt
 .text.USB_DisableGlobalInt
                0x00000000080048ac       0x34 Drivers/STM32F1xx_HAL_Driver/Src/stm32f1xx_ll_usb.o
                0x00000000080048ac                USB_DisableGlobalInt
 .text.USB_SetCurrentMode
                0x00000000080048e0       0x18 Drivers/STM32F1xx_HAL_Driver/Src/stm32f1xx_ll_usb.o
                0x00000000080048e0                USB_SetCurrentMode
 .text.USB_DevInit
                0x00000000080048f8       0x40 Drivers/STM32F1xx_HAL_Driver/Src/stm32f1xx_ll_usb.o
                0x00000000080048f8                USB_DevInit
 .text.USB_ActivateEndpoint
                0x0000000008004938      0x6d4 Drivers/STM32F1xx_HAL_Driver/Src/stm32f1xx_ll_usb.o
                0x0000000008004938                USB_ActivateEndpoint
 .text.USB_DeactivateEndpoint
                0x000000000800500c      0x3d8 Drivers/STM32F1xx_HAL_Driver/Src/stm32f1xx_ll_usb.o
                0x000000000800500c                USB_DeactivateEndpoint
 .text.USB_EPStartXfer
                0x00000000080053e4     0x1240 Drivers/STM32F1xx_HAL_Driver/Src/stm32f1xx_ll_usb.o
                0x00000000080053e4                USB_EPStartXfer
 .text.USB_EPSetStall
                0x0000000008006624       0xa0 Drivers/STM32F1xx_HAL_Driver/Src/stm32f1xx_ll_usb.o
                0x0000000008006624                USB_EPSetStall
 .text.USB_EPClearStall
                0x00000000080066c4      0x15a Drivers/STM32F1xx_HAL_Driver/Src/stm32f1xx_ll_usb.o
                0x00000000080066c4                USB_EPClearStall
 .text.USB_SetDevAddress
                0x000000000800681e       0x26 Drivers/STM32F1xx_HAL_Driver/Src/stm32f1xx_ll_usb.o
                0x000000000800681e                USB_SetDevAddress
 .text.USB_DevConnect
                0x0000000008006844       0x14 Drivers/STM32F1xx_HAL_Driver/Src/stm32f1xx_ll_usb.o
                0x0000000008006844                USB_DevConnect
 .text.USB_DevDisconnect
                0x0000000008006858       0x14 Drivers/STM32F1xx_HAL_Driver/Src/stm32f1xx_ll_usb.o
                0x0000000008006858                USB_DevDisconnect
 .text.USB_ReadInterrupts
                0x000000000800686c       0x1e Drivers/STM32F1xx_HAL_Driver/Src/stm32f1xx_ll_usb.o
                0x000000000800686c                USB_ReadInterrupts
 .text.USB_EP0_OutStart
                0x000000000800688a       0x16 Drivers/STM32F1xx_HAL_Driver/Src/stm32f1xx_ll_usb.o
                0x000000000800688a                USB_EP0_OutStart
 .text.USB_WritePMA
                0x00000000080068a0       0x8a Drivers/STM32F1xx_HAL_Driver/Src/stm32f1xx_ll_usb.o
                0x00000000080068a0                USB_WritePMA
 .text.USB_ReadPMA
                0x000000000800692a       0x9e Drivers/STM32F1xx_HAL_Driver/Src/stm32f1xx_ll_usb.o
                0x000000000800692a                USB_ReadPMA
 .text.USBD_CDC_Init
                0x00000000080069c8       0xf4 Middlewares/ST/STM32_USB_Device_Library/Class/CDC/Src/usbd_cdc.o
 .text.USBD_CDC_DeInit
                0x0000000008006abc       0x6e Middlewares/ST/STM32_USB_Device_Library/Class/CDC/Src/usbd_cdc.o
 .text.USBD_CDC_Setup
                0x0000000008006b2a      0x146 Middlewares/ST/STM32_USB_Device_Library/Class/CDC/Src/usbd_cdc.o
 .text.USBD_CDC_DataIn
                0x0000000008006c70       0xa6 Middlewares/ST/STM32_USB_Device_Library/Class/CDC/Src/usbd_cdc.o
 .text.USBD_CDC_DataOut
                0x0000000008006d16       0x56 Middlewares/ST/STM32_USB_Device_Library/Class/CDC/Src/usbd_cdc.o
 .text.USBD_CDC_EP0_RxReady
                0x0000000008006d6c       0x50 Middlewares/ST/STM32_USB_Device_Library/Class/CDC/Src/usbd_cdc.o
 .text.USBD_CDC_GetFSCfgDesc
                0x0000000008006dbc       0x20 Middlewares/ST/STM32_USB_Device_Library/Class/CDC/Src/usbd_cdc.o
 .text.USBD_CDC_GetHSCfgDesc
                0x0000000008006ddc       0x20 Middlewares/ST/STM32_USB_Device_Library/Class/CDC/Src/usbd_cdc.o
 .text.USBD_CDC_GetOtherSpeedCfgDesc
                0x0000000008006dfc       0x20 Middlewares/ST/STM32_USB_Device_Library/Class/CDC/Src/usbd_cdc.o
 .text.USBD_CDC_GetDeviceQualifierDescriptor
                0x0000000008006e1c       0x20 Middlewares/ST/STM32_USB_Device_Library/Class/CDC/Src/usbd_cdc.o
                0x0000000008006e1c                USBD_CDC_GetDeviceQualifierDescriptor
 .text.USBD_CDC_RegisterInterface
                0x0000000008006e3c       0x2c Middlewares/ST/STM32_USB_Device_Library/Class/CDC/Src/usbd_cdc.o
                0x0000000008006e3c                USBD_CDC_RegisterInterface
 .text.USBD_CDC_SetTxBuffer
                0x0000000008006e68       0x32 Middlewares/ST/STM32_USB_Device_Library/Class/CDC/Src/usbd_cdc.o
                0x0000000008006e68                USBD_CDC_SetTxBuffer
 .text.USBD_CDC_SetRxBuffer
                0x0000000008006e9a       0x26 Middlewares/ST/STM32_USB_Device_Library/Class/CDC/Src/usbd_cdc.o
                0x0000000008006e9a                USBD_CDC_SetRxBuffer
 .text.USBD_CDC_TransmitPacket
                0x0000000008006ec0       0x5e Middlewares/ST/STM32_USB_Device_Library/Class/CDC/Src/usbd_cdc.o
                0x0000000008006ec0                USBD_CDC_TransmitPacket
 .text.USBD_CDC_ReceivePacket
                0x0000000008006f1e       0x54 Middlewares/ST/STM32_USB_Device_Library/Class/CDC/Src/usbd_cdc.o
                0x0000000008006f1e                USBD_CDC_ReceivePacket
 .text.USBD_Init
                0x0000000008006f72       0x56 Middlewares/ST/STM32_USB_Device_Library/Core/Src/usbd_core.o
                0x0000000008006f72                USBD_Init
 .text.USBD_RegisterClass
                0x0000000008006fc8       0x32 Middlewares/ST/STM32_USB_Device_Library/Core/Src/usbd_core.o
                0x0000000008006fc8                USBD_RegisterClass
 .text.USBD_Start
                0x0000000008006ffa       0x18 Middlewares/ST/STM32_USB_Device_Library/Core/Src/usbd_core.o
                0x0000000008006ffa                USBD_Start
 .text.USBD_RunTestMode
                0x0000000008007012       0x14 Middlewares/ST/STM32_USB_Device_Library/Core/Src/usbd_core.o
                0x0000000008007012                USBD_RunTestMode
 .text.USBD_SetClassConfig
                0x0000000008007026       0x3e Middlewares/ST/STM32_USB_Device_Library/Core/Src/usbd_core.o
                0x0000000008007026                USBD_SetClassConfig
 .text.USBD_ClrClassConfig
                0x0000000008007064       0x26 Middlewares/ST/STM32_USB_Device_Library/Core/Src/usbd_core.o
                0x0000000008007064                USBD_ClrClassConfig
 .text.USBD_LL_SetupStage
                0x000000000800708a       0x9a Middlewares/ST/STM32_USB_Device_Library/Core/Src/usbd_core.o
                0x000000000800708a                USBD_LL_SetupStage
 .text.USBD_LL_DataOutStage
                0x0000000008007124       0xe2 Middlewares/ST/STM32_USB_Device_Library/Core/Src/usbd_core.o
                0x0000000008007124                USBD_LL_DataOutStage
 .text.USBD_LL_DataInStage
                0x0000000008007206      0x14a Middlewares/ST/STM32_USB_Device_Library/Core/Src/usbd_core.o
                0x0000000008007206                USBD_LL_DataInStage
 .text.USBD_LL_Reset
                0x0000000008007350       0x82 Middlewares/ST/STM32_USB_Device_Library/Core/Src/usbd_core.o
                0x0000000008007350                USBD_LL_Reset
 .text.USBD_LL_SetSpeed
                0x00000000080073d2       0x1e Middlewares/ST/STM32_USB_Device_Library/Core/Src/usbd_core.o
                0x00000000080073d2                USBD_LL_SetSpeed
 .text.USBD_LL_Suspend
                0x00000000080073f0       0x28 Middlewares/ST/STM32_USB_Device_Library/Core/Src/usbd_core.o
                0x00000000080073f0                USBD_LL_Suspend
 .text.USBD_LL_Resume
                0x0000000008007418       0x2a Middlewares/ST/STM32_USB_Device_Library/Core/Src/usbd_core.o
                0x0000000008007418                USBD_LL_Resume
 .text.USBD_LL_SOF
                0x0000000008007442       0x34 Middlewares/ST/STM32_USB_Device_Library/Core/Src/usbd_core.o
                0x0000000008007442                USBD_LL_SOF
 *fill*         0x0000000008007476        0x2 
 .text.USBD_StdDevReq
                0x0000000008007478       0xd4 Middlewares/ST/STM32_USB_Device_Library/Core/Src/usbd_ctlreq.o
                0x0000000008007478                USBD_StdDevReq
 .text.USBD_StdItfReq
                0x000000000800754c       0x90 Middlewares/ST/STM32_USB_Device_Library/Core/Src/usbd_ctlreq.o
                0x000000000800754c                USBD_StdItfReq
 .text.USBD_StdEPReq
                0x00000000080075dc      0x2c6 Middlewares/ST/STM32_USB_Device_Library/Core/Src/usbd_ctlreq.o
                0x00000000080075dc                USBD_StdEPReq
 *fill*         0x00000000080078a2        0x2 
 .text.USBD_GetDescriptor
                0x00000000080078a4      0x2d0 Middlewares/ST/STM32_USB_Device_Library/Core/Src/usbd_ctlreq.o
 .text.USBD_SetAddress
                0x0000000008007b74       0x86 Middlewares/ST/STM32_USB_Device_Library/Core/Src/usbd_ctlreq.o
 *fill*         0x0000000008007bfa        0x2 
 .text.USBD_SetConfig
                0x0000000008007bfc      0x11c Middlewares/ST/STM32_USB_Device_Library/Core/Src/usbd_ctlreq.o
 .text.USBD_GetConfig
                0x0000000008007d18       0x6a Middlewares/ST/STM32_USB_Device_Library/Core/Src/usbd_ctlreq.o
 .text.USBD_GetStatus
                0x0000000008007d82       0x66 Middlewares/ST/STM32_USB_Device_Library/Core/Src/usbd_ctlreq.o
 .text.USBD_SetFeature
                0x0000000008007de8       0x28 Middlewares/ST/STM32_USB_Device_Library/Core/Src/usbd_ctlreq.o
 .text.USBD_ClrFeature
                0x0000000008007e10       0x42 Middlewares/ST/STM32_USB_Device_Library/Core/Src/usbd_ctlreq.o
 .text.USBD_ParseSetupRequest
                0x0000000008007e52       0x78 Middlewares/ST/STM32_USB_Device_Library/Core/Src/usbd_ctlreq.o
                0x0000000008007e52                USBD_ParseSetupRequest
 .text.USBD_CtlError
                0x0000000008007eca       0x22 Middlewares/ST/STM32_USB_Device_Library/Core/Src/usbd_ctlreq.o
                0x0000000008007eca                USBD_CtlError
 .text.USBD_GetString
                0x0000000008007eec       0x84 Middlewares/ST/STM32_USB_Device_Library/Core/Src/usbd_ctlreq.o
                0x0000000008007eec                USBD_GetString
 .text.USBD_GetLen
                0x0000000008007f70       0x2e Middlewares/ST/STM32_USB_Device_Library/Core/Src/usbd_ctlreq.o
 .text.USBD_CtlSendData
                0x0000000008007f9e       0x38 Middlewares/ST/STM32_USB_Device_Library/Core/Src/usbd_ioreq.o
                0x0000000008007f9e                USBD_CtlSendData
 .text.USBD_CtlContinueSendData
                0x0000000008007fd6       0x24 Middlewares/ST/STM32_USB_Device_Library/Core/Src/usbd_ioreq.o
                0x0000000008007fd6                USBD_CtlContinueSendData
 .text.USBD_CtlPrepareRx
                0x0000000008007ffa       0x3c Middlewares/ST/STM32_USB_Device_Library/Core/Src/usbd_ioreq.o
                0x0000000008007ffa                USBD_CtlPrepareRx
 .text.USBD_CtlContinueRx
                0x0000000008008036       0x24 Middlewares/ST/STM32_USB_Device_Library/Core/Src/usbd_ioreq.o
                0x0000000008008036                USBD_CtlContinueRx
 .text.USBD_CtlSendStatus
                0x000000000800805a       0x26 Middlewares/ST/STM32_USB_Device_Library/Core/Src/usbd_ioreq.o
                0x000000000800805a                USBD_CtlSendStatus
 .text.USBD_CtlReceiveStatus
                0x0000000008008080       0x26 Middlewares/ST/STM32_USB_Device_Library/Core/Src/usbd_ioreq.o
                0x0000000008008080                USBD_CtlReceiveStatus
 *fill*         0x00000000080080a6        0x2 
 .text.MX_USB_DEVICE_Init
                0x00000000080080a8       0x60 USB_DEVICE/App/usb_device.o
                0x00000000080080a8                MX_USB_DEVICE_Init
 .text.CDC_Init_FS
                0x0000000008008108       0x28 USB_DEVICE/App/usbd_cdc_if.o
 .text.CDC_DeInit_FS
                0x0000000008008130        0xe USB_DEVICE/App/usbd_cdc_if.o
 *fill*         0x000000000800813e        0x2 
 .text.CDC_Control_FS
                0x0000000008008140       0xe4 USB_DEVICE/App/usbd_cdc_if.o
 .text.CDC_Receive_FS
                0x0000000008008224       0x30 USB_DEVICE/App/usbd_cdc_if.o
 .text.CDC_Transmit_FS
                0x0000000008008254       0x4c USB_DEVICE/App/usbd_cdc_if.o
                0x0000000008008254                CDC_Transmit_FS
 .text.USBD_FS_DeviceDescriptor
                0x00000000080082a0       0x24 USB_DEVICE/App/usbd_desc.o
                0x00000000080082a0                USBD_FS_DeviceDescriptor
 .text.USBD_FS_LangIDStrDescriptor
                0x00000000080082c4       0x24 USB_DEVICE/App/usbd_desc.o
                0x00000000080082c4                USBD_FS_LangIDStrDescriptor
 .text.USBD_FS_ProductStrDescriptor
                0x00000000080082e8       0x3c USB_DEVICE/App/usbd_desc.o
                0x00000000080082e8                USBD_FS_ProductStrDescriptor
 .text.USBD_FS_ManufacturerStrDescriptor
                0x0000000008008324       0x28 USB_DEVICE/App/usbd_desc.o
                0x0000000008008324                USBD_FS_ManufacturerStrDescriptor
 .text.USBD_FS_SerialStrDescriptor
                0x000000000800834c       0x24 USB_DEVICE/App/usbd_desc.o
                0x000000000800834c                USBD_FS_SerialStrDescriptor
 .text.USBD_FS_ConfigStrDescriptor
                0x0000000008008370       0x3c USB_DEVICE/App/usbd_desc.o
                0x0000000008008370                USBD_FS_ConfigStrDescriptor
 .text.USBD_FS_InterfaceStrDescriptor
                0x00000000080083ac       0x3c USB_DEVICE/App/usbd_desc.o
                0x00000000080083ac                USBD_FS_InterfaceStrDescriptor
 .text.Get_SerialNum
                0x00000000080083e8       0x58 USB_DEVICE/App/usbd_desc.o
 .text.IntToUnicode
                0x0000000008008440       0x7c USB_DEVICE/App/usbd_desc.o
 .text.HAL_PCD_MspInit
                0x00000000080084bc       0x4c USB_DEVICE/Target/usbd_conf.o
                0x00000000080084bc                HAL_PCD_MspInit
 .text.HAL_PCD_SetupStageCallback
                0x0000000008008508       0x24 USB_DEVICE/Target/usbd_conf.o
                0x0000000008008508                HAL_PCD_SetupStageCallback
 .text.HAL_PCD_DataOutStageCallback
                0x000000000800852c       0x36 USB_DEVICE/Target/usbd_conf.o
                0x000000000800852c                HAL_PCD_DataOutStageCallback
 .text.HAL_PCD_DataInStageCallback
                0x0000000008008562       0x34 USB_DEVICE/Target/usbd_conf.o
                0x0000000008008562                HAL_PCD_DataInStageCallback
 .text.HAL_PCD_SOFCallback
                0x0000000008008596       0x1c USB_DEVICE/Target/usbd_conf.o
                0x0000000008008596                HAL_PCD_SOFCallback
 .text.HAL_PCD_ResetCallback
                0x00000000080085b2       0x3c USB_DEVICE/Target/usbd_conf.o
                0x00000000080085b2                HAL_PCD_ResetCallback
 *fill*         0x00000000080085ee        0x2 
 .text.HAL_PCD_SuspendCallback
                0x00000000080085f0       0x34 USB_DEVICE/Target/usbd_conf.o
                0x00000000080085f0                HAL_PCD_SuspendCallback
 .text.HAL_PCD_ResumeCallback
                0x0000000008008624       0x1c USB_DEVICE/Target/usbd_conf.o
                0x0000000008008624                HAL_PCD_ResumeCallback
 .text.USBD_LL_Init
                0x0000000008008640       0xb4 USB_DEVICE/Target/usbd_conf.o
                0x0000000008008640                USBD_LL_Init
 .text.USBD_LL_Start
                0x00000000080086f4       0x36 USB_DEVICE/Target/usbd_conf.o
                0x00000000080086f4                USBD_LL_Start
 .text.USBD_LL_OpenEP
                0x000000000800872a       0x4c USB_DEVICE/Target/usbd_conf.o
                0x000000000800872a                USBD_LL_OpenEP
 .text.USBD_LL_CloseEP
                0x0000000008008776       0x3e USB_DEVICE/Target/usbd_conf.o
                0x0000000008008776                USBD_LL_CloseEP
 .text.USBD_LL_StallEP
                0x00000000080087b4       0x3e USB_DEVICE/Target/usbd_conf.o
                0x00000000080087b4                USBD_LL_StallEP
 .text.USBD_LL_ClearStallEP
                0x00000000080087f2       0x3e USB_DEVICE/Target/usbd_conf.o
                0x00000000080087f2                USBD_LL_ClearStallEP
 .text.USBD_LL_IsStallEP
                0x0000000008008830       0x58 USB_DEVICE/Target/usbd_conf.o
                0x0000000008008830                USBD_LL_IsStallEP
 .text.USBD_LL_SetUSBAddress
                0x0000000008008888       0x3e USB_DEVICE/Target/usbd_conf.o
                0x0000000008008888                USBD_LL_SetUSBAddress
 .text.USBD_LL_Transmit
                0x00000000080088c6       0x46 USB_DEVICE/Target/usbd_conf.o
                0x00000000080088c6                USBD_LL_Transmit
 .text.USBD_LL_PrepareReceive
                0x000000000800890c       0x46 USB_DEVICE/Target/usbd_conf.o
                0x000000000800890c                USBD_LL_PrepareReceive
 .text.USBD_LL_GetRxDataSize
                0x0000000008008952       0x26 USB_DEVICE/Target/usbd_conf.o
                0x0000000008008952                USBD_LL_GetRxDataSize
 .text.USBD_static_malloc
                0x0000000008008978       0x18 USB_DEVICE/Target/usbd_conf.o
                0x0000000008008978                USBD_static_malloc
 .text.USBD_static_free
                0x0000000008008990       0x12 USB_DEVICE/Target/usbd_conf.o
                0x0000000008008990                USBD_static_free
 .text.HAL_PCDEx_SetConnectionState
                0x00000000080089a2       0x16 USB_DEVICE/Target/usbd_conf.o
                0x00000000080089a2                HAL_PCDEx_SetConnectionState
 .text.USBD_Get_USB_Status
                0x00000000080089b8       0x58 USB_DEVICE/Target/usbd_conf.o
 .text.__errno  0x0000000008008a10        0xc c:/st/stm32cubeide_1.6.1/stm32cubeide/plugins/com.st.stm32cube.ide.mcu.externaltools.gnu-tools-for-stm32.9-2020-q2-update.win32_1.5.0.202011040924/tools/bin/../lib/gcc/arm-none-eabi/9.3.1/../../../../arm-none-eabi/lib/thumb/v7-m/nofp\libc_nano.a(lib_a-errno.o)
                0x0000000008008a10                __errno
 .text.__libc_init_array
                0x0000000008008a1c       0x48 c:/st/stm32cubeide_1.6.1/stm32cubeide/plugins/com.st.stm32cube.ide.mcu.externaltools.gnu-tools-for-stm32.9-2020-q2-update.win32_1.5.0.202011040924/tools/bin/../lib/gcc/arm-none-eabi/9.3.1/../../../../arm-none-eabi/lib/thumb/v7-m/nofp\libc_nano.a(lib_a-init.o)
                0x0000000008008a1c                __libc_init_array
 .text.malloc   0x0000000008008a64       0x10 c:/st/stm32cubeide_1.6.1/stm32cubeide/plugins/com.st.stm32cube.ide.mcu.externaltools.gnu-tools-for-stm32.9-2020-q2-update.win32_1.5.0.202011040924/tools/bin/../lib/gcc/arm-none-eabi/9.3.1/../../../../arm-none-eabi/lib/thumb/v7-m/nofp\libc_nano.a(lib_a-malloc.o)
                0x0000000008008a64                malloc
 .text.memcpy   0x0000000008008a74       0x1c c:/st/stm32cubeide_1.6.1/stm32cubeide/plugins/com.st.stm32cube.ide.mcu.externaltools.gnu-tools-for-stm32.9-2020-q2-update.win32_1.5.0.202011040924/tools/bin/../lib/gcc/arm-none-eabi/9.3.1/../../../../arm-none-eabi/lib/thumb/v7-m/nofp\libc_nano.a(lib_a-memcpy-stub.o)
                0x0000000008008a74                memcpy
 .text.memset   0x0000000008008a90       0x10 c:/st/stm32cubeide_1.6.1/stm32cubeide/plugins/com.st.stm32cube.ide.mcu.externaltools.gnu-tools-for-stm32.9-2020-q2-update.win32_1.5.0.202011040924/tools/bin/../lib/gcc/arm-none-eabi/9.3.1/../../../../arm-none-eabi/lib/thumb/v7-m/nofp\libc_nano.a(lib_a-memset.o)
                0x0000000008008a90                memset
 .text._free_r  0x0000000008008aa0       0x98 c:/st/stm32cubeide_1.6.1/stm32cubeide/plugins/com.st.stm32cube.ide.mcu.externaltools.gnu-tools-for-stm32.9-2020-q2-update.win32_1.5.0.202011040924/tools/bin/../lib/gcc/arm-none-eabi/9.3.1/../../../../arm-none-eabi/lib/thumb/v7-m/nofp\libc_nano.a(lib_a-nano-freer.o)
                0x0000000008008aa0                _free_r
 .text._malloc_r
                0x0000000008008b38       0xb4 c:/st/stm32cubeide_1.6.1/stm32cubeide/plugins/com.st.stm32cube.ide.mcu.externaltools.gnu-tools-for-stm32.9-2020-q2-update.win32_1.5.0.202011040924/tools/bin/../lib/gcc/arm-none-eabi/9.3.1/../../../../arm-none-eabi/lib/thumb/v7-m/nofp\libc_nano.a(lib_a-nano-mallocr.o)
                0x0000000008008b38                _malloc_r
 .text.printf   0x0000000008008bec       0x30 c:/st/stm32cubeide_1.6.1/stm32cubeide/plugins/com.st.stm32cube.ide.mcu.externaltools.gnu-tools-for-stm32.9-2020-q2-update.win32_1.5.0.202011040924/tools/bin/../lib/gcc/arm-none-eabi/9.3.1/../../../../arm-none-eabi/lib/thumb/v7-m/nofp\libc_nano.a(lib_a-printf.o)
                0x0000000008008bec                iprintf
                0x0000000008008bec                printf
 .text._sbrk_r  0x0000000008008c1c       0x20 c:/st/stm32cubeide_1.6.1/stm32cubeide/plugins/com.st.stm32cube.ide.mcu.externaltools.gnu-tools-for-stm32.9-2020-q2-update.win32_1.5.0.202011040924/tools/bin/../lib/gcc/arm-none-eabi/9.3.1/../../../../arm-none-eabi/lib/thumb/v7-m/nofp\libc_nano.a(lib_a-sbrkr.o)
                0x0000000008008c1c                _sbrk_r
 .text.sprintf  0x0000000008008c3c       0x40 c:/st/stm32cubeide_1.6.1/stm32cubeide/plugins/com.st.stm32cube.ide.mcu.externaltools.gnu-tools-for-stm32.9-2020-q2-update.win32_1.5.0.202011040924/tools/bin/../lib/gcc/arm-none-eabi/9.3.1/../../../../arm-none-eabi/lib/thumb/v7-m/nofp\libc_nano.a(lib_a-sprintf.o)
                0x0000000008008c3c                siprintf
                0x0000000008008c3c                sprintf
 .text.sscanf   0x0000000008008c7c       0x54 c:/st/stm32cubeide_1.6.1/stm32cubeide/plugins/com.st.stm32cube.ide.mcu.externaltools.gnu-tools-for-stm32.9-2020-q2-update.win32_1.5.0.202011040924/tools/bin/../lib/gcc/arm-none-eabi/9.3.1/../../../../arm-none-eabi/lib/thumb/v7-m/nofp\libc_nano.a(lib_a-sscanf.o)
                0x0000000008008c7c                siscanf
                0x0000000008008c7c                sscanf
 .text.__sread  0x0000000008008cd0       0x22 c:/st/stm32cubeide_1.6.1/stm32cubeide/plugins/com.st.stm32cube.ide.mcu.externaltools.gnu-tools-for-stm32.9-2020-q2-update.win32_1.5.0.202011040924/tools/bin/../lib/gcc/arm-none-eabi/9.3.1/../../../../arm-none-eabi/lib/thumb/v7-m/nofp\libc_nano.a(lib_a-stdio.o)
                0x0000000008008cd0                __sread
 .text.__seofread
                0x0000000008008cf2        0x4 c:/st/stm32cubeide_1.6.1/stm32cubeide/plugins/com.st.stm32cube.ide.mcu.externaltools.gnu-tools-for-stm32.9-2020-q2-update.win32_1.5.0.202011040924/tools/bin/../lib/gcc/arm-none-eabi/9.3.1/../../../../arm-none-eabi/lib/thumb/v7-m/nofp\libc_nano.a(lib_a-stdio.o)
                0x0000000008008cf2                __seofread
 .text.__swrite
                0x0000000008008cf6       0x38 c:/st/stm32cubeide_1.6.1/stm32cubeide/plugins/com.st.stm32cube.ide.mcu.externaltools.gnu-tools-for-stm32.9-2020-q2-update.win32_1.5.0.202011040924/tools/bin/../lib/gcc/arm-none-eabi/9.3.1/../../../../arm-none-eabi/lib/thumb/v7-m/nofp\libc_nano.a(lib_a-stdio.o)
                0x0000000008008cf6                __swrite
 .text.__sseek  0x0000000008008d2e       0x24 c:/st/stm32cubeide_1.6.1/stm32cubeide/plugins/com.st.stm32cube.ide.mcu.externaltools.gnu-tools-for-stm32.9-2020-q2-update.win32_1.5.0.202011040924/tools/bin/../lib/gcc/arm-none-eabi/9.3.1/../../../../arm-none-eabi/lib/thumb/v7-m/nofp\libc_nano.a(lib_a-stdio.o)
                0x0000000008008d2e                __sseek
 .text.__sclose
                0x0000000008008d52        0x8 c:/st/stm32cubeide_1.6.1/stm32cubeide/plugins/com.st.stm32cube.ide.mcu.externaltools.gnu-tools-for-stm32.9-2020-q2-update.win32_1.5.0.202011040924/tools/bin/../lib/gcc/arm-none-eabi/9.3.1/../../../../arm-none-eabi/lib/thumb/v7-m/nofp\libc_nano.a(lib_a-stdio.o)
                0x0000000008008d52                __sclose
 .text.strncmp  0x0000000008008d5a       0x24 c:/st/stm32cubeide_1.6.1/stm32cubeide/plugins/com.st.stm32cube.ide.mcu.externaltools.gnu-tools-for-stm32.9-2020-q2-update.win32_1.5.0.202011040924/tools/bin/../lib/gcc/arm-none-eabi/9.3.1/../../../../arm-none-eabi/lib/thumb/v7-m/nofp\libc_nano.a(lib_a-strncmp.o)
                0x0000000008008d5a                strncmp
 *fill*         0x0000000008008d7e        0x2 
 .text._write_r
                0x0000000008008d80       0x24 c:/st/stm32cubeide_1.6.1/stm32cubeide/plugins/com.st.stm32cube.ide.mcu.externaltools.gnu-tools-for-stm32.9-2020-q2-update.win32_1.5.0.202011040924/tools/bin/../lib/gcc/arm-none-eabi/9.3.1/../../../../arm-none-eabi/lib/thumb/v7-m/nofp\libc_nano.a(lib_a-writer.o)
                0x0000000008008d80                _write_r
 .text._close_r
                0x0000000008008da4       0x20 c:/st/stm32cubeide_1.6.1/stm32cubeide/plugins/com.st.stm32cube.ide.mcu.externaltools.gnu-tools-for-stm32.9-2020-q2-update.win32_1.5.0.202011040924/tools/bin/../lib/gcc/arm-none-eabi/9.3.1/../../../../arm-none-eabi/lib/thumb/v7-m/nofp\libc_nano.a(lib_a-closer.o)
                0x0000000008008da4                _close_r
 .text.std      0x0000000008008dc4       0x48 c:/st/stm32cubeide_1.6.1/stm32cubeide/plugins/com.st.stm32cube.ide.mcu.externaltools.gnu-tools-for-stm32.9-2020-q2-update.win32_1.5.0.202011040924/tools/bin/../lib/gcc/arm-none-eabi/9.3.1/../../../../arm-none-eabi/lib/thumb/v7-m/nofp\libc_nano.a(lib_a-findfp.o)
 .text._cleanup_r
                0x0000000008008e0c        0xc c:/st/stm32cubeide_1.6.1/stm32cubeide/plugins/com.st.stm32cube.ide.mcu.externaltools.gnu-tools-for-stm32.9-2020-q2-update.win32_1.5.0.202011040924/tools/bin/../lib/gcc/arm-none-eabi/9.3.1/../../../../arm-none-eabi/lib/thumb/v7-m/nofp\libc_nano.a(lib_a-findfp.o)
                0x0000000008008e0c                _cleanup_r
 .text.__sfmoreglue
                0x0000000008008e18       0x2c c:/st/stm32cubeide_1.6.1/stm32cubeide/plugins/com.st.stm32cube.ide.mcu.externaltools.gnu-tools-for-stm32.9-2020-q2-update.win32_1.5.0.202011040924/tools/bin/../lib/gcc/arm-none-eabi/9.3.1/../../../../arm-none-eabi/lib/thumb/v7-m/nofp\libc_nano.a(lib_a-findfp.o)
                0x0000000008008e18                __sfmoreglue
 .text.__sfp_lock_acquire
                0x0000000008008e44        0xc c:/st/stm32cubeide_1.6.1/stm32cubeide/plugins/com.st.stm32cube.ide.mcu.externaltools.gnu-tools-for-stm32.9-2020-q2-update.win32_1.5.0.202011040924/tools/bin/../lib/gcc/arm-none-eabi/9.3.1/../../../../arm-none-eabi/lib/thumb/v7-m/nofp\libc_nano.a(lib_a-findfp.o)
                0x0000000008008e44                __sfp_lock_acquire
 .text.__sfp_lock_release
                0x0000000008008e50        0xc c:/st/stm32cubeide_1.6.1/stm32cubeide/plugins/com.st.stm32cube.ide.mcu.externaltools.gnu-tools-for-stm32.9-2020-q2-update.win32_1.5.0.202011040924/tools/bin/../lib/gcc/arm-none-eabi/9.3.1/../../../../arm-none-eabi/lib/thumb/v7-m/nofp\libc_nano.a(lib_a-findfp.o)
                0x0000000008008e50                __sfp_lock_release
 .text.__sinit_lock_acquire
                0x0000000008008e5c        0xc c:/st/stm32cubeide_1.6.1/stm32cubeide/plugins/com.st.stm32cube.ide.mcu.externaltools.gnu-tools-for-stm32.9-2020-q2-update.win32_1.5.0.202011040924/tools/bin/../lib/gcc/arm-none-eabi/9.3.1/../../../../arm-none-eabi/lib/thumb/v7-m/nofp\libc_nano.a(lib_a-findfp.o)
                0x0000000008008e5c                __sinit_lock_acquire
 .text.__sinit_lock_release
                0x0000000008008e68        0xc c:/st/stm32cubeide_1.6.1/stm32cubeide/plugins/com.st.stm32cube.ide.mcu.externaltools.gnu-tools-for-stm32.9-2020-q2-update.win32_1.5.0.202011040924/tools/bin/../lib/gcc/arm-none-eabi/9.3.1/../../../../arm-none-eabi/lib/thumb/v7-m/nofp\libc_nano.a(lib_a-findfp.o)
                0x0000000008008e68                __sinit_lock_release
 .text.__sinit  0x0000000008008e74       0x70 c:/st/stm32cubeide_1.6.1/stm32cubeide/plugins/com.st.stm32cube.ide.mcu.externaltools.gnu-tools-for-stm32.9-2020-q2-update.win32_1.5.0.202011040924/tools/bin/../lib/gcc/arm-none-eabi/9.3.1/../../../../arm-none-eabi/lib/thumb/v7-m/nofp\libc_nano.a(lib_a-findfp.o)
                0x0000000008008e74                __sinit
 .text.__sfp    0x0000000008008ee4       0x8c c:/st/stm32cubeide_1.6.1/stm32cubeide/plugins/com.st.stm32cube.ide.mcu.externaltools.gnu-tools-for-stm32.9-2020-q2-update.win32_1.5.0.202011040924/tools/bin/../lib/gcc/arm-none-eabi/9.3.1/../../../../arm-none-eabi/lib/thumb/v7-m/nofp\libc_nano.a(lib_a-findfp.o)
                0x0000000008008ee4                __sfp
 .text._fwalk_reent
                0x0000000008008f70       0x3e c:/st/stm32cubeide_1.6.1/stm32cubeide/plugins/com.st.stm32cube.ide.mcu.externaltools.gnu-tools-for-stm32.9-2020-q2-update.win32_1.5.0.202011040924/tools/bin/../lib/gcc/arm-none-eabi/9.3.1/../../../../arm-none-eabi/lib/thumb/v7-m/nofp\libc_nano.a(lib_a-fwalk.o)
                0x0000000008008f70                _fwalk_reent
 .text.__retarget_lock_init_recursive
                0x0000000008008fae        0x2 c:/st/stm32cubeide_1.6.1/stm32cubeide/plugins/com.st.stm32cube.ide.mcu.externaltools.gnu-tools-for-stm32.9-2020-q2-update.win32_1.5.0.202011040924/tools/bin/../lib/gcc/arm-none-eabi/9.3.1/../../../../arm-none-eabi/lib/thumb/v7-m/nofp\libc_nano.a(lib_a-lock.o)
                0x0000000008008fae                __retarget_lock_init_recursive
 .text.__retarget_lock_acquire_recursive
                0x0000000008008fb0        0x2 c:/st/stm32cubeide_1.6.1/stm32cubeide/plugins/com.st.stm32cube.ide.mcu.externaltools.gnu-tools-for-stm32.9-2020-q2-update.win32_1.5.0.202011040924/tools/bin/../lib/gcc/arm-none-eabi/9.3.1/../../../../arm-none-eabi/lib/thumb/v7-m/nofp\libc_nano.a(lib_a-lock.o)
                0x0000000008008fb0                __retarget_lock_acquire_recursive
 .text.__retarget_lock_release_recursive
                0x0000000008008fb2        0x2 c:/st/stm32cubeide_1.6.1/stm32cubeide/plugins/com.st.stm32cube.ide.mcu.externaltools.gnu-tools-for-stm32.9-2020-q2-update.win32_1.5.0.202011040924/tools/bin/../lib/gcc/arm-none-eabi/9.3.1/../../../../arm-none-eabi/lib/thumb/v7-m/nofp\libc_nano.a(lib_a-lock.o)
                0x0000000008008fb2                __retarget_lock_release_recursive
 .text._lseek_r
                0x0000000008008fb4       0x24 c:/st/stm32cubeide_1.6.1/stm32cubeide/plugins/com.st.stm32cube.ide.mcu.externaltools.gnu-tools-for-stm32.9-2020-q2-update.win32_1.5.0.202011040924/tools/bin/../lib/gcc/arm-none-eabi/9.3.1/../../../../arm-none-eabi/lib/thumb/v7-m/nofp\libc_nano.a(lib_a-lseekr.o)
                0x0000000008008fb4                _lseek_r
 .text.__malloc_lock
                0x0000000008008fd8        0xc c:/st/stm32cubeide_1.6.1/stm32cubeide/plugins/com.st.stm32cube.ide.mcu.externaltools.gnu-tools-for-stm32.9-2020-q2-update.win32_1.5.0.202011040924/tools/bin/../lib/gcc/arm-none-eabi/9.3.1/../../../../arm-none-eabi/lib/thumb/v7-m/nofp\libc_nano.a(lib_a-mlock.o)
                0x0000000008008fd8                __malloc_lock
 .text.__malloc_unlock
                0x0000000008008fe4        0xc c:/st/stm32cubeide_1.6.1/stm32cubeide/plugins/com.st.stm32cube.ide.mcu.externaltools.gnu-tools-for-stm32.9-2020-q2-update.win32_1.5.0.202011040924/tools/bin/../lib/gcc/arm-none-eabi/9.3.1/../../../../arm-none-eabi/lib/thumb/v7-m/nofp\libc_nano.a(lib_a-mlock.o)
                0x0000000008008fe4                __malloc_unlock
 .text.__ssputs_r
                0x0000000008008ff0       0xb6 c:/st/stm32cubeide_1.6.1/stm32cubeide/plugins/com.st.stm32cube.ide.mcu.externaltools.gnu-tools-for-stm32.9-2020-q2-update.win32_1.5.0.202011040924/tools/bin/../lib/gcc/arm-none-eabi/9.3.1/../../../../arm-none-eabi/lib/thumb/v7-m/nofp\libc_nano.a(lib_a-nano-svfprintf.o)
                0x0000000008008ff0                __ssputs_r
 *fill*         0x00000000080090a6        0x2 
 .text._svfprintf_r
                0x00000000080090a8      0x200 c:/st/stm32cubeide_1.6.1/stm32cubeide/plugins/com.st.stm32cube.ide.mcu.externaltools.gnu-tools-for-stm32.9-2020-q2-update.win32_1.5.0.202011040924/tools/bin/../lib/gcc/arm-none-eabi/9.3.1/../../../../arm-none-eabi/lib/thumb/v7-m/nofp\libc_nano.a(lib_a-nano-svfprintf.o)
                0x00000000080090a8                _svfiprintf_r
                0x00000000080090a8                _svfprintf_r
 .text._sungetc_r
                0x00000000080092a8       0x7a c:/st/stm32cubeide_1.6.1/stm32cubeide/plugins/com.st.stm32cube.ide.mcu.externaltools.gnu-tools-for-stm32.9-2020-q2-update.win32_1.5.0.202011040924/tools/bin/../lib/gcc/arm-none-eabi/9.3.1/../../../../arm-none-eabi/lib/thumb/v7-m/nofp\libc_nano.a(lib_a-nano-svfscanf.o)
                0x00000000080092a8                _sungetc_r
 .text.__ssrefill_r
                0x0000000008009322       0x3a c:/st/stm32cubeide_1.6.1/stm32cubeide/plugins/com.st.stm32cube.ide.mcu.externaltools.gnu-tools-for-stm32.9-2020-q2-update.win32_1.5.0.202011040924/tools/bin/../lib/gcc/arm-none-eabi/9.3.1/../../../../arm-none-eabi/lib/thumb/v7-m/nofp\libc_nano.a(lib_a-nano-svfscanf.o)
                0x0000000008009322                __ssrefill_r
 .text.__ssvfscanf_r
                0x000000000800935c      0x2f4 c:/st/stm32cubeide_1.6.1/stm32cubeide/plugins/com.st.stm32cube.ide.mcu.externaltools.gnu-tools-for-stm32.9-2020-q2-update.win32_1.5.0.202011040924/tools/bin/../lib/gcc/arm-none-eabi/9.3.1/../../../../arm-none-eabi/lib/thumb/v7-m/nofp\libc_nano.a(lib_a-nano-svfscanf.o)
                0x000000000800935c                __ssvfiscanf_r
                0x000000000800935c                __ssvfscanf_r
 .text.__sfputc_r
                0x0000000008009650       0x2a c:/st/stm32cubeide_1.6.1/stm32cubeide/plugins/com.st.stm32cube.ide.mcu.externaltools.gnu-tools-for-stm32.9-2020-q2-update.win32_1.5.0.202011040924/tools/bin/../lib/gcc/arm-none-eabi/9.3.1/../../../../arm-none-eabi/lib/thumb/v7-m/nofp\libc_nano.a(lib_a-nano-vfprintf.o)
 .text.__sfputs_r
                0x000000000800967a       0x24 c:/st/stm32cubeide_1.6.1/stm32cubeide/plugins/com.st.stm32cube.ide.mcu.externaltools.gnu-tools-for-stm32.9-2020-q2-update.win32_1.5.0.202011040924/tools/bin/../lib/gcc/arm-none-eabi/9.3.1/../../../../arm-none-eabi/lib/thumb/v7-m/nofp\libc_nano.a(lib_a-nano-vfprintf.o)
                0x000000000800967a                __sfputs_r
 *fill*         0x000000000800969e        0x2 
 .text._vfprintf_r
                0x00000000080096a0      0x260 c:/st/stm32cubeide_1.6.1/stm32cubeide/plugins/com.st.stm32cube.ide.mcu.externaltools.gnu-tools-for-stm32.9-2020-q2-update.win32_1.5.0.202011040924/tools/bin/../lib/gcc/arm-none-eabi/9.3.1/../../../../arm-none-eabi/lib/thumb/v7-m/nofp\libc_nano.a(lib_a-nano-vfprintf.o)
                0x00000000080096a0                _vfprintf_r
                0x00000000080096a0                _vfiprintf_r
 .text._printf_common
                0x0000000008009900       0xde c:/st/stm32cubeide_1.6.1/stm32cubeide/plugins/com.st.stm32cube.ide.mcu.externaltools.gnu-tools-for-stm32.9-2020-q2-update.win32_1.5.0.202011040924/tools/bin/../lib/gcc/arm-none-eabi/9.3.1/../../../../arm-none-eabi/lib/thumb/v7-m/nofp\libc_nano.a(lib_a-nano-vfprintf_i.o)
                0x0000000008009900                _printf_common
 *fill*         0x00000000080099de        0x2 
 .text._printf_i
                0x00000000080099e0      0x24c c:/st/stm32cubeide_1.6.1/stm32cubeide/plugins/com.st.stm32cube.ide.mcu.externaltools.gnu-tools-for-stm32.9-2020-q2-update.win32_1.5.0.202011040924/tools/bin/../lib/gcc/arm-none-eabi/9.3.1/../../../../arm-none-eabi/lib/thumb/v7-m/nofp\libc_nano.a(lib_a-nano-vfprintf_i.o)
                0x00000000080099e0                _printf_i
 .text._scanf_chars
                0x0000000008009c2c       0xb0 c:/st/stm32cubeide_1.6.1/stm32cubeide/plugins/com.st.stm32cube.ide.mcu.externaltools.gnu-tools-for-stm32.9-2020-q2-update.win32_1.5.0.202011040924/tools/bin/../lib/gcc/arm-none-eabi/9.3.1/../../../../arm-none-eabi/lib/thumb/v7-m/nofp\libc_nano.a(lib_a-nano-vfscanf_i.o)
                0x0000000008009c2c                _scanf_chars
 .text._scanf_i
                0x0000000008009cdc      0x1e4 c:/st/stm32cubeide_1.6.1/stm32cubeide/plugins/com.st.stm32cube.ide.mcu.externaltools.gnu-tools-for-stm32.9-2020-q2-update.win32_1.5.0.202011040924/tools/bin/../lib/gcc/arm-none-eabi/9.3.1/../../../../arm-none-eabi/lib/thumb/v7-m/nofp\libc_nano.a(lib_a-nano-vfscanf_i.o)
                0x0000000008009cdc                _scanf_i
 .text._read_r  0x0000000008009ec0       0x24 c:/st/stm32cubeide_1.6.1/stm32cubeide/plugins/com.st.stm32cube.ide.mcu.externaltools.gnu-tools-for-stm32.9-2020-q2-update.win32_1.5.0.202011040924/tools/bin/../lib/gcc/arm-none-eabi/9.3.1/../../../../arm-none-eabi/lib/thumb/v7-m/nofp\libc_nano.a(lib_a-readr.o)
                0x0000000008009ec0                _read_r
 .text.__sccl   0x0000000008009ee4       0x74 c:/st/stm32cubeide_1.6.1/stm32cubeide/plugins/com.st.stm32cube.ide.mcu.externaltools.gnu-tools-for-stm32.9-2020-q2-update.win32_1.5.0.202011040924/tools/bin/../lib/gcc/arm-none-eabi/9.3.1/../../../../arm-none-eabi/lib/thumb/v7-m/nofp\libc_nano.a(lib_a-sccl.o)
                0x0000000008009ee4                __sccl
 .text._strtol_l.isra.0
                0x0000000008009f58      0x10c c:/st/stm32cubeide_1.6.1/stm32cubeide/plugins/com.st.stm32cube.ide.mcu.externaltools.gnu-tools-for-stm32.9-2020-q2-update.win32_1.5.0.202011040924/tools/bin/../lib/gcc/arm-none-eabi/9.3.1/../../../../arm-none-eabi/lib/thumb/v7-m/nofp\libc_nano.a(lib_a-strtol.o)
 .text._strtol_r
                0x000000000800a064        0x4 c:/st/stm32cubeide_1.6.1/stm32cubeide/plugins/com.st.stm32cube.ide.mcu.externaltools.gnu-tools-for-stm32.9-2020-q2-update.win32_1.5.0.202011040924/tools/bin/../lib/gcc/arm-none-eabi/9.3.1/../../../../arm-none-eabi/lib/thumb/v7-m/nofp\libc_nano.a(lib_a-strtol.o)
                0x000000000800a064                _strtol_r
 .text._strtoul_l.isra.0
                0x000000000800a068       0xf8 c:/st/stm32cubeide_1.6.1/stm32cubeide/plugins/com.st.stm32cube.ide.mcu.externaltools.gnu-tools-for-stm32.9-2020-q2-update.win32_1.5.0.202011040924/tools/bin/../lib/gcc/arm-none-eabi/9.3.1/../../../../arm-none-eabi/lib/thumb/v7-m/nofp\libc_nano.a(lib_a-strtoul.o)
 .text._strtoul_r
                0x000000000800a160        0x4 c:/st/stm32cubeide_1.6.1/stm32cubeide/plugins/com.st.stm32cube.ide.mcu.externaltools.gnu-tools-for-stm32.9-2020-q2-update.win32_1.5.0.202011040924/tools/bin/../lib/gcc/arm-none-eabi/9.3.1/../../../../arm-none-eabi/lib/thumb/v7-m/nofp\libc_nano.a(lib_a-strtoul.o)
                0x000000000800a160                _strtoul_r
 .text.__submore
                0x000000000800a164       0x70 c:/st/stm32cubeide_1.6.1/stm32cubeide/plugins/com.st.stm32cube.ide.mcu.externaltools.gnu-tools-for-stm32.9-2020-q2-update.win32_1.5.0.202011040924/tools/bin/../lib/gcc/arm-none-eabi/9.3.1/../../../../arm-none-eabi/lib/thumb/v7-m/nofp\libc_nano.a(lib_a-ungetc.o)
                0x000000000800a164                __submore
 .text.__swbuf_r
                0x000000000800a1d4       0xa4 c:/st/stm32cubeide_1.6.1/stm32cubeide/plugins/com.st.stm32cube.ide.mcu.externaltools.gnu-tools-for-stm32.9-2020-q2-update.win32_1.5.0.202011040924/tools/bin/../lib/gcc/arm-none-eabi/9.3.1/../../../../arm-none-eabi/lib/thumb/v7-m/nofp\libc_nano.a(lib_a-wbuf.o)
                0x000000000800a1d4                __swbuf_r
 .text.__swsetup_r
                0x000000000800a278       0xdc c:/st/stm32cubeide_1.6.1/stm32cubeide/plugins/com.st.stm32cube.ide.mcu.externaltools.gnu-tools-for-stm32.9-2020-q2-update.win32_1.5.0.202011040924/tools/bin/../lib/gcc/arm-none-eabi/9.3.1/../../../../arm-none-eabi/lib/thumb/v7-m/nofp\libc_nano.a(lib_a-wsetup.o)
                0x000000000800a278                __swsetup_r
 .text.__sflush_r
                0x000000000800a354      0x10c c:/st/stm32cubeide_1.6.1/stm32cubeide/plugins/com.st.stm32cube.ide.mcu.externaltools.gnu-tools-for-stm32.9-2020-q2-update.win32_1.5.0.202011040924/tools/bin/../lib/gcc/arm-none-eabi/9.3.1/../../../../arm-none-eabi/lib/thumb/v7-m/nofp\libc_nano.a(lib_a-fflush.o)
                0x000000000800a354                __sflush_r
 .text._fflush_r
                0x000000000800a460       0x78 c:/st/stm32cubeide_1.6.1/stm32cubeide/plugins/com.st.stm32cube.ide.mcu.externaltools.gnu-tools-for-stm32.9-2020-q2-update.win32_1.5.0.202011040924/tools/bin/../lib/gcc/arm-none-eabi/9.3.1/../../../../arm-none-eabi/lib/thumb/v7-m/nofp\libc_nano.a(lib_a-fflush.o)
                0x000000000800a460                _fflush_r
 .text.__swhatbuf_r
                0x000000000800a4d8       0x48 c:/st/stm32cubeide_1.6.1/stm32cubeide/plugins/com.st.stm32cube.ide.mcu.externaltools.gnu-tools-for-stm32.9-2020-q2-update.win32_1.5.0.202011040924/tools/bin/../lib/gcc/arm-none-eabi/9.3.1/../../../../arm-none-eabi/lib/thumb/v7-m/nofp\libc_nano.a(lib_a-makebuf.o)
                0x000000000800a4d8                __swhatbuf_r
 .text.__smakebuf_r
                0x000000000800a520       0x80 c:/st/stm32cubeide_1.6.1/stm32cubeide/plugins/com.st.stm32cube.ide.mcu.externaltools.gnu-tools-for-stm32.9-2020-q2-update.win32_1.5.0.202011040924/tools/bin/../lib/gcc/arm-none-eabi/9.3.1/../../../../arm-none-eabi/lib/thumb/v7-m/nofp\libc_nano.a(lib_a-makebuf.o)
                0x000000000800a520                __smakebuf_r
 .text.memchr   0x000000000800a5a0       0x1c c:/st/stm32cubeide_1.6.1/stm32cubeide/plugins/com.st.stm32cube.ide.mcu.externaltools.gnu-tools-for-stm32.9-2020-q2-update.win32_1.5.0.202011040924/tools/bin/../lib/gcc/arm-none-eabi/9.3.1/../../../../arm-none-eabi/lib/thumb/v7-m/nofp\libc_nano.a(lib_a-memchr-stub.o)
                0x000000000800a5a0                memchr
 .text.memmove  0x000000000800a5bc       0x34 c:/st/stm32cubeide_1.6.1/stm32cubeide/plugins/com.st.stm32cube.ide.mcu.externaltools.gnu-tools-for-stm32.9-2020-q2-update.win32_1.5.0.202011040924/tools/bin/../lib/gcc/arm-none-eabi/9.3.1/../../../../arm-none-eabi/lib/thumb/v7-m/nofp\libc_nano.a(lib_a-memmove.o)
                0x000000000800a5bc                memmove
 .text._realloc_r
                0x000000000800a5f0       0x4c c:/st/stm32cubeide_1.6.1/stm32cubeide/plugins/com.st.stm32cube.ide.mcu.externaltools.gnu-tools-for-stm32.9-2020-q2-update.win32_1.5.0.202011040924/tools/bin/../lib/gcc/arm-none-eabi/9.3.1/../../../../arm-none-eabi/lib/thumb/v7-m/nofp\libc_nano.a(lib_a-nano-reallocr.o)
                0x000000000800a5f0                _realloc_r
 .text._fstat_r
                0x000000000800a63c       0x24 c:/st/stm32cubeide_1.6.1/stm32cubeide/plugins/com.st.stm32cube.ide.mcu.externaltools.gnu-tools-for-stm32.9-2020-q2-update.win32_1.5.0.202011040924/tools/bin/../lib/gcc/arm-none-eabi/9.3.1/../../../../arm-none-eabi/lib/thumb/v7-m/nofp\libc_nano.a(lib_a-fstatr.o)
                0x000000000800a63c                _fstat_r
 .text._isatty_r
                0x000000000800a660       0x20 c:/st/stm32cubeide_1.6.1/stm32cubeide/plugins/com.st.stm32cube.ide.mcu.externaltools.gnu-tools-for-stm32.9-2020-q2-update.win32_1.5.0.202011040924/tools/bin/../lib/gcc/arm-none-eabi/9.3.1/../../../../arm-none-eabi/lib/thumb/v7-m/nofp\libc_nano.a(lib_a-isattyr.o)
                0x000000000800a660                _isatty_r
 .text._malloc_usable_size_r
                0x000000000800a680       0x10 c:/st/stm32cubeide_1.6.1/stm32cubeide/plugins/com.st.stm32cube.ide.mcu.externaltools.gnu-tools-for-stm32.9-2020-q2-update.win32_1.5.0.202011040924/tools/bin/../lib/gcc/arm-none-eabi/9.3.1/../../../../arm-none-eabi/lib/thumb/v7-m/nofp\libc_nano.a(lib_a-nano-msizer.o)
                0x000000000800a680                _malloc_usable_size_r
 *(.glue_7)
 .glue_7        0x000000000800a690        0x0 linker stubs
 *(.glue_7t)
 .glue_7t       0x000000000800a690        0x0 linker stubs
 *(.eh_frame)
 .eh_frame      0x000000000800a690        0x0 c:/st/stm32cubeide_1.6.1/stm32cubeide/plugins/com.st.stm32cube.ide.mcu.externaltools.gnu-tools-for-stm32.9-2020-q2-update.win32_1.5.0.202011040924/tools/bin/../lib/gcc/arm-none-eabi/9.3.1/thumb/v7-m/nofp/crtbegin.o
 *(.init)
 .init          0x000000000800a690        0x4 c:/st/stm32cubeide_1.6.1/stm32cubeide/plugins/com.st.stm32cube.ide.mcu.externaltools.gnu-tools-for-stm32.9-2020-q2-update.win32_1.5.0.202011040924/tools/bin/../lib/gcc/arm-none-eabi/9.3.1/thumb/v7-m/nofp/crti.o
                0x000000000800a690                _init
 .init          0x000000000800a694        0x8 c:/st/stm32cubeide_1.6.1/stm32cubeide/plugins/com.st.stm32cube.ide.mcu.externaltools.gnu-tools-for-stm32.9-2020-q2-update.win32_1.5.0.202011040924/tools/bin/../lib/gcc/arm-none-eabi/9.3.1/thumb/v7-m/nofp/crtn.o
 *(.fini)
 .fini          0x000000000800a69c        0x4 c:/st/stm32cubeide_1.6.1/stm32cubeide/plugins/com.st.stm32cube.ide.mcu.externaltools.gnu-tools-for-stm32.9-2020-q2-update.win32_1.5.0.202011040924/tools/bin/../lib/gcc/arm-none-eabi/9.3.1/thumb/v7-m/nofp/crti.o
                0x000000000800a69c                _fini
 .fini          0x000000000800a6a0        0x8 c:/st/stm32cubeide_1.6.1/stm32cubeide/plugins/com.st.stm32cube.ide.mcu.externaltools.gnu-tools-for-stm32.9-2020-q2-update.win32_1.5.0.202011040924/tools/bin/../lib/gcc/arm-none-eabi/9.3.1/thumb/v7-m/nofp/crtn.o
                0x000000000800a6a8                . = ALIGN (0x4)
                0x000000000800a6a8                _etext = .

.vfp11_veneer   0x000000000800a6a8        0x0
 .vfp11_veneer  0x000000000800a6a8        0x0 linker stubs

.v4_bx          0x000000000800a6a8        0x0
 .v4_bx         0x000000000800a6a8        0x0 linker stubs

.iplt           0x000000000800a6a8        0x0
 .iplt          0x000000000800a6a8        0x0 c:/st/stm32cubeide_1.6.1/stm32cubeide/plugins/com.st.stm32cube.ide.mcu.externaltools.gnu-tools-for-stm32.9-2020-q2-update.win32_1.5.0.202011040924/tools/bin/../lib/gcc/arm-none-eabi/9.3.1/thumb/v7-m/nofp/crtbegin.o

.rodata         0x000000000800a6a8      0x2ac
                0x000000000800a6a8                . = ALIGN (0x4)
 *(.rodata)
 .rodata        0x000000000800a6a8       0x59 Core/Src/com.o
 *fill*         0x000000000800a701        0x3 
 .rodata        0x000000000800a704        0x6 Core/Src/instrument.o
 *fill*         0x000000000800a70a        0x2 
 .rodata        0x000000000800a70c       0x1f Core/Src/motor.o
 *fill*         0x000000000800a72b        0x1 
 .rodata        0x000000000800a72c       0x10 Drivers/STM32F1xx_HAL_Driver/Src/stm32f1xx_hal_rcc.o
 .rodata        0x000000000800a73c       0x46 USB_DEVICE/App/usbd_desc.o
 *fill*         0x000000000800a782        0x2 
 .rodata        0x000000000800a784        0xc c:/st/stm32cubeide_1.6.1/stm32cubeide/plugins/com.st.stm32cube.ide.mcu.externaltools.gnu-tools-for-stm32.9-2020-q2-update.win32_1.5.0.202011040924/tools/bin/../lib/gcc/arm-none-eabi/9.3.1/../../../../arm-none-eabi/lib/thumb/v7-m/nofp\libc_nano.a(lib_a-nano-vfscanf_i.o)
 *(.rodata*)
 .rodata.AHBPrescTable
                0x000000000800a790       0x10 Core/Src/system_stm32f1xx.o
                0x000000000800a790                AHBPrescTable
 .rodata._global_impure_ptr
                0x000000000800a7a0        0x4 c:/st/stm32cubeide_1.6.1/stm32cubeide/plugins/com.st.stm32cube.ide.mcu.externaltools.gnu-tools-for-stm32.9-2020-q2-update.win32_1.5.0.202011040924/tools/bin/../lib/gcc/arm-none-eabi/9.3.1/../../../../arm-none-eabi/lib/thumb/v7-m/nofp\libc_nano.a(lib_a-impure.o)
                0x000000000800a7a0                _global_impure_ptr
 .rodata.__sf_fake_stderr
                0x000000000800a7a4       0x20 c:/st/stm32cubeide_1.6.1/stm32cubeide/plugins/com.st.stm32cube.ide.mcu.externaltools.gnu-tools-for-stm32.9-2020-q2-update.win32_1.5.0.202011040924/tools/bin/../lib/gcc/arm-none-eabi/9.3.1/../../../../arm-none-eabi/lib/thumb/v7-m/nofp\libc_nano.a(lib_a-findfp.o)
                0x000000000800a7a4                __sf_fake_stderr
 .rodata.__sf_fake_stdin
                0x000000000800a7c4       0x20 c:/st/stm32cubeide_1.6.1/stm32cubeide/plugins/com.st.stm32cube.ide.mcu.externaltools.gnu-tools-for-stm32.9-2020-q2-update.win32_1.5.0.202011040924/tools/bin/../lib/gcc/arm-none-eabi/9.3.1/../../../../arm-none-eabi/lib/thumb/v7-m/nofp\libc_nano.a(lib_a-findfp.o)
                0x000000000800a7c4                __sf_fake_stdin
 .rodata.__sf_fake_stdout
                0x000000000800a7e4       0x20 c:/st/stm32cubeide_1.6.1/stm32cubeide/plugins/com.st.stm32cube.ide.mcu.externaltools.gnu-tools-for-stm32.9-2020-q2-update.win32_1.5.0.202011040924/tools/bin/../lib/gcc/arm-none-eabi/9.3.1/../../../../arm-none-eabi/lib/thumb/v7-m/nofp\libc_nano.a(lib_a-findfp.o)
                0x000000000800a7e4                __sf_fake_stdout
 .rodata._svfprintf_r.str1.1
                0x000000000800a804       0x11 c:/st/stm32cubeide_1.6.1/stm32cubeide/plugins/com.st.stm32cube.ide.mcu.externaltools.gnu-tools-for-stm32.9-2020-q2-update.win32_1.5.0.202011040924/tools/bin/../lib/gcc/arm-none-eabi/9.3.1/../../../../arm-none-eabi/lib/thumb/v7-m/nofp\libc_nano.a(lib_a-nano-svfprintf.o)
 .rodata.__ssvfscanf_r.str1.1
                0x000000000800a815        0x4 c:/st/stm32cubeide_1.6.1/stm32cubeide/plugins/com.st.stm32cube.ide.mcu.externaltools.gnu-tools-for-stm32.9-2020-q2-update.win32_1.5.0.202011040924/tools/bin/../lib/gcc/arm-none-eabi/9.3.1/../../../../arm-none-eabi/lib/thumb/v7-m/nofp\libc_nano.a(lib_a-nano-svfscanf.o)
 .rodata._vfprintf_r.str1.1
                0x000000000800a815       0x11 c:/st/stm32cubeide_1.6.1/stm32cubeide/plugins/com.st.stm32cube.ide.mcu.externaltools.gnu-tools-for-stm32.9-2020-q2-update.win32_1.5.0.202011040924/tools/bin/../lib/gcc/arm-none-eabi/9.3.1/../../../../arm-none-eabi/lib/thumb/v7-m/nofp\libc_nano.a(lib_a-nano-vfprintf.o)
 .rodata._printf_i.str1.1
                0x000000000800a815       0x22 c:/st/stm32cubeide_1.6.1/stm32cubeide/plugins/com.st.stm32cube.ide.mcu.externaltools.gnu-tools-for-stm32.9-2020-q2-update.win32_1.5.0.202011040924/tools/bin/../lib/gcc/arm-none-eabi/9.3.1/../../../../arm-none-eabi/lib/thumb/v7-m/nofp\libc_nano.a(lib_a-nano-vfprintf_i.o)
 .rodata.str1.1
                0x000000000800a837        0x9 c:/st/stm32cubeide_1.6.1/stm32cubeide/plugins/com.st.stm32cube.ide.mcu.externaltools.gnu-tools-for-stm32.9-2020-q2-update.win32_1.5.0.202011040924/tools/bin/../lib/gcc/arm-none-eabi/9.3.1/../../../../arm-none-eabi/lib/thumb/v7-m/nofp\libc_nano.a(lib_a-nano-vfscanf_i.o)
 .rodata._scanf_i.str1.1
                0x000000000800a840       0x12 c:/st/stm32cubeide_1.6.1/stm32cubeide/plugins/com.st.stm32cube.ide.mcu.externaltools.gnu-tools-for-stm32.9-2020-q2-update.win32_1.5.0.202011040924/tools/bin/../lib/gcc/arm-none-eabi/9.3.1/../../../../arm-none-eabi/lib/thumb/v7-m/nofp\libc_nano.a(lib_a-nano-vfscanf_i.o)
 .rodata._ctype_
                0x000000000800a852      0x101 c:/st/stm32cubeide_1.6.1/stm32cubeide/plugins/com.st.stm32cube.ide.mcu.externaltools.gnu-tools-for-stm32.9-2020-q2-update.win32_1.5.0.202011040924/tools/bin/../lib/gcc/arm-none-eabi/9.3.1/../../../../arm-none-eabi/lib/thumb/v7-m/nofp\libc_nano.a(lib_a-ctype_.o)
                0x000000000800a852                _ctype_
                0x000000000800a954                . = ALIGN (0x4)
 *fill*         0x000000000800a953        0x1 

.rel.dyn        0x000000000800a954        0x0
 .rel.iplt      0x000000000800a954        0x0 c:/st/stm32cubeide_1.6.1/stm32cubeide/plugins/com.st.stm32cube.ide.mcu.externaltools.gnu-tools-for-stm32.9-2020-q2-update.win32_1.5.0.202011040924/tools/bin/../lib/gcc/arm-none-eabi/9.3.1/thumb/v7-m/nofp/crtbegin.o

.ARM.extab      0x000000000800a954        0x0
                0x000000000800a954                . = ALIGN (0x4)
 *(.ARM.extab* .gnu.linkonce.armextab.*)
                0x000000000800a954                . = ALIGN (0x4)

.ARM            0x000000000800a954        0x0
                0x000000000800a954                . = ALIGN (0x4)
                0x000000000800a954                __exidx_start = .
 *(.ARM.exidx*)
                0x000000000800a954                __exidx_end = .
                0x000000000800a954                . = ALIGN (0x4)

.preinit_array  0x000000000800a954        0x0
                0x000000000800a954                . = ALIGN (0x4)
                0x000000000800a954                PROVIDE (__preinit_array_start = .)
 *(.preinit_array*)
                0x000000000800a954                PROVIDE (__preinit_array_end = .)
                0x000000000800a954                . = ALIGN (0x4)

.init_array     0x000000000800a954        0x4
                0x000000000800a954                . = ALIGN (0x4)
                0x000000000800a954                PROVIDE (__init_array_start = .)
 *(SORT_BY_NAME(.init_array.*))
 *(.init_array*)
 .init_array    0x000000000800a954        0x4 c:/st/stm32cubeide_1.6.1/stm32cubeide/plugins/com.st.stm32cube.ide.mcu.externaltools.gnu-tools-for-stm32.9-2020-q2-update.win32_1.5.0.202011040924/tools/bin/../lib/gcc/arm-none-eabi/9.3.1/thumb/v7-m/nofp/crtbegin.o
                0x000000000800a958                PROVIDE (__init_array_end = .)
                0x000000000800a958                . = ALIGN (0x4)

.fini_array     0x000000000800a958        0x4
                0x000000000800a958                . = ALIGN (0x4)
                [!provide]                        PROVIDE (__fini_array_start = .)
 *(SORT_BY_NAME(.fini_array.*))
 *(.fini_array*)
 .fini_array    0x000000000800a958        0x4 c:/st/stm32cubeide_1.6.1/stm32cubeide/plugins/com.st.stm32cube.ide.mcu.externaltools.gnu-tools-for-stm32.9-2020-q2-update.win32_1.5.0.202011040924/tools/bin/../lib/gcc/arm-none-eabi/9.3.1/thumb/v7-m/nofp/crtbegin.o
                [!provide]                        PROVIDE (__fini_array_end = .)
                0x000000000800a95c                . = ALIGN (0x4)
                0x000000000800a95c                _sidata = LOADADDR (.data)

.data           0x0000000020000000      0x210 load address 0x000000000800a95c
                0x0000000020000000                . = ALIGN (0x4)
                0x0000000020000000                _sdata = .
 *(.data)
 *(.data*)
 .data.RESP_INIT
                0x0000000020000000        0x6 Core/Src/com.o
                0x0000000020000000                RESP_INIT
 *fill*         0x0000000020000006        0x2 
 .data.RESP_ALT
                0x0000000020000008        0x6 Core/Src/com.o
                0x0000000020000008                RESP_ALT
 *fill*         0x000000002000000e        0x2 
 .data.RESP_IDENT
                0x0000000020000010        0xa Core/Src/com.o
                0x0000000020000010                RESP_IDENT
 *fill*         0x000000002000001a        0x2 
 .data.RESP_TYPE
                0x000000002000001c        0x9 Core/Src/com.o
                0x000000002000001c                RESP_TYPE
 *fill*         0x0000000020000025        0x1 
 .data.cdc_isr_prescaler
                0x0000000020000026        0x2 Core/Src/main.o
                0x0000000020000026                cdc_isr_prescaler
 .data.SystemCoreClock
                0x0000000020000028        0x4 Core/Src/system_stm32f1xx.o
                0x0000000020000028                SystemCoreClock
 .data.uwTickPrio
                0x000000002000002c        0x4 Drivers/STM32F1xx_HAL_Driver/Src/stm32f1xx_hal.o
                0x000000002000002c                uwTickPrio
 .data.uwTickFreq
                0x0000000020000030        0x1 Drivers/STM32F1xx_HAL_Driver/Src/stm32f1xx_hal.o
                0x0000000020000030                uwTickFreq
 *fill*         0x0000000020000031        0x3 
 .data.USBD_CDC_DeviceQualifierDesc
                0x0000000020000034        0xa Middlewares/ST/STM32_USB_Device_Library/Class/CDC/Src/usbd_cdc.o
 *fill*         0x000000002000003e        0x2 
 .data.USBD_CDC
                0x0000000020000040       0x38 Middlewares/ST/STM32_USB_Device_Library/Class/CDC/Src/usbd_cdc.o
                0x0000000020000040                USBD_CDC
 .data.USBD_CDC_CfgHSDesc
                0x0000000020000078       0x43 Middlewares/ST/STM32_USB_Device_Library/Class/CDC/Src/usbd_cdc.o
                0x0000000020000078                USBD_CDC_CfgHSDesc
 *fill*         0x00000000200000bb        0x1 
 .data.USBD_CDC_CfgFSDesc
                0x00000000200000bc       0x43 Middlewares/ST/STM32_USB_Device_Library/Class/CDC/Src/usbd_cdc.o
                0x00000000200000bc                USBD_CDC_CfgFSDesc
 *fill*         0x00000000200000ff        0x1 
 .data.USBD_CDC_OtherSpeedCfgDesc
                0x0000000020000100       0x43 Middlewares/ST/STM32_USB_Device_Library/Class/CDC/Src/usbd_cdc.o
                0x0000000020000100                USBD_CDC_OtherSpeedCfgDesc
 *fill*         0x0000000020000143        0x1 
 .data.lineCoding
                0x0000000020000144        0x7 USB_DEVICE/App/usbd_cdc_if.o
 *fill*         0x000000002000014b        0x1 
 .data.USBD_Interface_fops_FS
                0x000000002000014c       0x10 USB_DEVICE/App/usbd_cdc_if.o
                0x000000002000014c                USBD_Interface_fops_FS
 .data.FS_Desc  0x000000002000015c       0x1c USB_DEVICE/App/usbd_desc.o
                0x000000002000015c                FS_Desc
 .data.USBD_FS_DeviceDesc
                0x0000000020000178       0x12 USB_DEVICE/App/usbd_desc.o
                0x0000000020000178                USBD_FS_DeviceDesc
 *fill*         0x000000002000018a        0x2 
 .data.USBD_LangIDDesc
                0x000000002000018c        0x4 USB_DEVICE/App/usbd_desc.o
                0x000000002000018c                USBD_LangIDDesc
 .data.USBD_StringSerial
                0x0000000020000190       0x1a USB_DEVICE/App/usbd_desc.o
                0x0000000020000190                USBD_StringSerial
 *fill*         0x00000000200001aa        0x2 
 .data._impure_ptr
                0x00000000200001ac        0x4 c:/st/stm32cubeide_1.6.1/stm32cubeide/plugins/com.st.stm32cube.ide.mcu.externaltools.gnu-tools-for-stm32.9-2020-q2-update.win32_1.5.0.202011040924/tools/bin/../lib/gcc/arm-none-eabi/9.3.1/../../../../arm-none-eabi/lib/thumb/v7-m/nofp\libc_nano.a(lib_a-impure.o)
                0x00000000200001ac                _impure_ptr
 .data.impure_data
                0x00000000200001b0       0x60 c:/st/stm32cubeide_1.6.1/stm32cubeide/plugins/com.st.stm32cube.ide.mcu.externaltools.gnu-tools-for-stm32.9-2020-q2-update.win32_1.5.0.202011040924/tools/bin/../lib/gcc/arm-none-eabi/9.3.1/../../../../arm-none-eabi/lib/thumb/v7-m/nofp\libc_nano.a(lib_a-impure.o)
 *(.RamFunc)
 *(.RamFunc*)
                0x0000000020000210                . = ALIGN (0x4)
                0x0000000020000210                _edata = .

.igot.plt       0x0000000020000210        0x0 load address 0x000000000800ab6c
 .igot.plt      0x0000000020000210        0x0 c:/st/stm32cubeide_1.6.1/stm32cubeide/plugins/com.st.stm32cube.ide.mcu.externaltools.gnu-tools-for-stm32.9-2020-q2-update.win32_1.5.0.202011040924/tools/bin/../lib/gcc/arm-none-eabi/9.3.1/thumb/v7-m/nofp/crtbegin.o
                0x0000000020000210                . = ALIGN (0x4)

.bss            0x0000000020000210     0x1364 load address 0x000000000800ab6c
                0x0000000020000210                _sbss = .
                0x0000000020000210                __bss_start__ = _sbss
 *(.bss)
 .bss           0x0000000020000210       0x1c c:/st/stm32cubeide_1.6.1/stm32cubeide/plugins/com.st.stm32cube.ide.mcu.externaltools.gnu-tools-for-stm32.9-2020-q2-update.win32_1.5.0.202011040924/tools/bin/../lib/gcc/arm-none-eabi/9.3.1/thumb/v7-m/nofp/crtbegin.o
 *(.bss*)
 .bss.INST_ALT_VAL
                0x000000002000022c        0x4 Core/Src/instrument.o
                0x000000002000022c                INST_ALT_VAL
 .bss.STEPS_100_CURR
                0x0000000020000230        0x4 Core/Src/instrument.o
                0x0000000020000230                STEPS_100_CURR
 .bss.STEPS_010_CURR
                0x0000000020000234        0x4 Core/Src/instrument.o
                0x0000000020000234                STEPS_010_CURR
 .bss.STEPS_001_CURR
                0x0000000020000238        0x4 Core/Src/instrument.o
                0x0000000020000238                STEPS_001_CURR
 .bss.cdc_isr_timer
                0x000000002000023c        0x2 Core/Src/main.o
                0x000000002000023c                cdc_isr_timer
 *fill*         0x000000002000023e        0x2 
 .bss.stepper_1_change
                0x0000000020000240        0x4 Core/Src/motor.o
                0x0000000020000240                stepper_1_change
 .bss.stepper_2_change
                0x0000000020000244        0x4 Core/Src/motor.o
                0x0000000020000244                stepper_2_change
 .bss.stepper_3_change
                0x0000000020000248        0x4 Core/Src/motor.o
                0x0000000020000248                stepper_3_change
 .bss.stepper_4_change
                0x000000002000024c        0x4 Core/Src/motor.o
                0x000000002000024c                stepper_4_change
 .bss.stepper_1_state
                0x0000000020000250        0x4 Core/Src/motor.o
                0x0000000020000250                stepper_1_state
 .bss.stepper_2_state
                0x0000000020000254        0x4 Core/Src/motor.o
                0x0000000020000254                stepper_2_state
 .bss.stepper_3_state
                0x0000000020000258        0x4 Core/Src/motor.o
                0x0000000020000258                stepper_3_state
 .bss.stepper_4_state
                0x000000002000025c        0x4 Core/Src/motor.o
                0x000000002000025c                stepper_4_state
 .bss.homing    0x0000000020000260        0x4 Core/Src/motor.o
                0x0000000020000260                homing
 .bss.__sbrk_heap_end
                0x0000000020000264        0x4 Core/Src/sysmem.o
 .bss.cfgidx.8230
                0x0000000020000268        0x1 Middlewares/ST/STM32_USB_Device_Library/Core/Src/usbd_ctlreq.o
 *fill*         0x0000000020000269        0x3 
 .bss.mem.8300  0x000000002000026c      0x220 USB_DEVICE/Target/usbd_conf.o
 .bss.__malloc_free_list
                0x000000002000048c        0x4 c:/st/stm32cubeide_1.6.1/stm32cubeide/plugins/com.st.stm32cube.ide.mcu.externaltools.gnu-tools-for-stm32.9-2020-q2-update.win32_1.5.0.202011040924/tools/bin/../lib/gcc/arm-none-eabi/9.3.1/../../../../arm-none-eabi/lib/thumb/v7-m/nofp\libc_nano.a(lib_a-nano-mallocr.o)
                0x000000002000048c                __malloc_free_list
 .bss.__malloc_sbrk_start
                0x0000000020000490        0x4 c:/st/stm32cubeide_1.6.1/stm32cubeide/plugins/com.st.stm32cube.ide.mcu.externaltools.gnu-tools-for-stm32.9-2020-q2-update.win32_1.5.0.202011040924/tools/bin/../lib/gcc/arm-none-eabi/9.3.1/../../../../arm-none-eabi/lib/thumb/v7-m/nofp\libc_nano.a(lib_a-nano-mallocr.o)
                0x0000000020000490                __malloc_sbrk_start
 *(COMMON)
 COMMON         0x0000000020000494      0x103 Core/Src/com.o
                0x0000000020000494                stack
                0x0000000020000594                stack_top
                0x0000000020000595                stack_max
                0x0000000020000596                stack_pointer
 *fill*         0x0000000020000597        0x1 
 COMMON         0x0000000020000598       0x48 Core/Src/main.o
                0x0000000020000598                htim2
 COMMON         0x00000000200005e0        0x4 Drivers/STM32F1xx_HAL_Driver/Src/stm32f1xx_hal.o
                0x00000000200005e0                uwTick
 COMMON         0x00000000200005e4      0x2c4 USB_DEVICE/App/usb_device.o
                0x00000000200005e4                hUsbDeviceFS
 COMMON         0x00000000200008a8      0x7d0 USB_DEVICE/App/usbd_cdc_if.o
                0x00000000200008a8                UserRxBufferFS
                0x0000000020000c90                UserTxBufferFS
 COMMON         0x0000000020001078      0x200 USB_DEVICE/App/usbd_desc.o
                0x0000000020001078                USBD_StrDesc
 COMMON         0x0000000020001278      0x2ec USB_DEVICE/Target/usbd_conf.o
                0x0000000020001278                hpcd_USB_FS
 COMMON         0x0000000020001564        0x9 c:/st/stm32cubeide_1.6.1/stm32cubeide/plugins/com.st.stm32cube.ide.mcu.externaltools.gnu-tools-for-stm32.9-2020-q2-update.win32_1.5.0.202011040924/tools/bin/../lib/gcc/arm-none-eabi/9.3.1/../../../../arm-none-eabi/lib/thumb/v7-m/nofp\libc_nano.a(lib_a-lock.o)
                0x0000000020001564                __lock___atexit_recursive_mutex
                0x0000000020001565                __lock___arc4random_mutex
                0x0000000020001566                __lock___env_recursive_mutex
                0x0000000020001567                __lock___sinit_recursive_mutex
                0x0000000020001568                __lock___malloc_recursive_mutex
                0x0000000020001569                __lock___at_quick_exit_mutex
                0x000000002000156a                __lock___dd_hash_mutex
                0x000000002000156b                __lock___tz_mutex
                0x000000002000156c                __lock___sfp_recursive_mutex
 *fill*         0x000000002000156d        0x3 
 COMMON         0x0000000020001570        0x4 c:/st/stm32cubeide_1.6.1/stm32cubeide/plugins/com.st.stm32cube.ide.mcu.externaltools.gnu-tools-for-stm32.9-2020-q2-update.win32_1.5.0.202011040924/tools/bin/../lib/gcc/arm-none-eabi/9.3.1/../../../../arm-none-eabi/lib/thumb/v7-m/nofp\libc_nano.a(lib_a-reent.o)
                0x0000000020001570                errno
                0x0000000020001574                . = ALIGN (0x4)
                0x0000000020001574                _ebss = .
                0x0000000020001574                __bss_end__ = _ebss

._user_heap_stack
                0x0000000020001574      0x604 load address 0x000000000800ab6c
                0x0000000020001578                . = ALIGN (0x8)
 *fill*         0x0000000020001574        0x4 
                [!provide]                        PROVIDE (end = .)
                0x0000000020001578                PROVIDE (_end = .)